                               *****************
                               ***CASE REPORT***
                               *****************

Simulation Metadata
----------------------
 GEOPHIRES Version: 3.4.29
 Simulation Date: 2024-08-13
 Simulation Time:  10:57
 Calculation Time:      1.674 sec

                           ***SUMMARY OF RESULTS***

      End-Use Option: Electricity
      Average Net Electricity Production:                    19.23 MW
      Electricity breakeven price:                            3.34 cents/kWh
      Number of production wells:                             2
      Number of injection wells:                              2
      Flowrate per production well:                          55.0 kg/sec
      Well depth:                                             5.0 kilometer
      Geothermal gradient:                                    0.0550 degC/m


                           ***ECONOMIC PARAMETERS***

      Economic Model  = BICYCLE
      Accrued financing during construction:                  0.00
      Project lifetime:                                      30 yr
      Capacity factor:                                       90.0 %
      Project NPV:                                          10.86 MUSD
      Project IRR:                                           7.92 %
      Project VIR=PI=PIR:                                    1.18
      Project MOIC:                                          0.65
      Project Payback Period:                               12.35 yr

                          ***ENGINEERING PARAMETERS***

      Number of Production Wells:                             2
      Number of Injection Wells:                              2
      Well depth:                                             5.0 kilometer
      Water loss rate:                                        2.0
      Pump efficiency:                                       80.0
      Injection temperature:                                 50.0 degC
      Production Wellbore heat transmission calculated with Ramey's model
      Average production well temperature drop:               9.9 degC
      Flowrate per production well:                          55.0 kg/sec
      Injection well casing ID:                               7.000 in
      Production well casing ID:                              7.000 in
      Number of times redrilling:                             0
      Power plant type:                                       Supercritical ORC


                         ***RESOURCE CHARACTERISTICS***

      Maximum reservoir temperature:                        500.0 degC
      Number of segments:                                     1
      Geothermal gradient:                                    0.0550 degC/m


                           ***RESERVOIR PARAMETERS***

      Reservoir Model = Multiple Parallel Fractures Model
      Bottom-hole temperature:                              295.00 degC
      Fracture model = Square
      Well separation: fracture height:                     900.00 meter
      Fracture area:                                     810000.00 m**2
      Reservoir volume:                              1000000000 m**3
      Reservoir hydrostatic pressure:                         51780.34 kPa
      Plant outlet pressure:                               8274.86 kPa
      Production wellhead pressure:                        8343.81 kPa
      Productivity Index:                                     5.00 kg/sec/bar
      Injectivity Index:                                      5.00 kg/sec/bar
      Reservoir density:                                   2700.00 kg/m**3
      Reservoir thermal conductivity:                         2.70 W/m/K
      Reservoir heat capacity:                             1000.00 J/kg/K


                           ***RESERVOIR SIMULATION RESULTS***

      Maximum Production Temperature:                       285.9 degC
      Average Production Temperature:                       285.1 degC
      Minimum Production Temperature:                       279.5 degC
      Initial Production Temperature:                       279.5 degC
      Average Reservoir Heat Extraction:                     96.98 MW
      Production Wellbore Heat Transmission Model = Ramey Model
      Average Production Well Temperature Drop:               9.9 degC
      Average Injection Well Pump Pressure Drop:          -5090.1 kPa
      Average Production Well Pump Pressure Drop:           945.4 kPa


                          ***CAPITAL COSTS (M$)***

         Drilling and completion costs:                      47.16 MUSD
         Drilling and completion costs per well:             11.79 MUSD
         Stimulation costs:                                   0.00 MUSD
         Surface power plant costs:                          59.68 MUSD
         Field gathering system costs:                        2.21 MUSD
         Total surface equipment costs:                      61.88 MUSD
         Exploration costs:                                  10.40 MUSD
         Investment Tax Credit:                             -59.72 MUSD
      Total capital costs:                                   59.72 MUSD


                ***OPERATING AND MAINTENANCE COSTS (M$/yr)***

         Wellfield maintenance costs:                         0.89 MUSD/yr
         Power plant maintenance costs:                       2.09 MUSD/yr
         Water costs:                                         0.06 MUSD/yr
      Total operating and maintenance costs:                  3.04 MUSD/yr


                           ***SURFACE EQUIPMENT SIMULATION RESULTS***

      Initial geofluid availability:                          0.34 MW/(kg/s)
      Maximum Total Electricity Generation:                  19.46 MW
      Average Total Electricity Generation:                  19.38 MW
      Minimum Total Electricity Generation:                  18.83 MW
      Initial Total Electricity Generation:                  18.83 MW
      Maximum Net Electricity Generation:                    19.31 MW
      Average Net Electricity Generation:                    19.23 MW
      Minimum Net Electricity Generation:                    18.66 MW
      Initial Net Electricity Generation:                    18.66 MW
      Average Annual Total Electricity Generation:          151.94 GWh
      Average Annual Net Electricity Generation:            150.75 GWh
      Initial pumping power/net installed power:              0.87 %
      Average Pumping Power:                                  0.15 MW

                            ************************************************************
                            *  HEATING, COOLING AND/OR ELECTRICITY PRODUCTION PROFILE  *
                            ************************************************************
  YEAR       THERMAL               GEOFLUID               PUMP               NET               FIRST LAW
             DRAWDOWN             TEMPERATURE             POWER             POWER              EFFICIENCY
                                     (degC)               (MW)              (MW)                  (%)
   1           1.0000                279.49               0.1627           18.6646               19.7117
   2           1.0109                282.55               0.1569           18.9783               19.7795
   3           1.0141                283.43               0.1553           19.0669               19.7967
   4           1.0157                283.90               0.1544           19.1128               19.8053
   5           1.0168                284.20               0.1538           19.1431               19.8108
   6           1.0176                284.43               0.1534           19.1654               19.8148
   7           1.0183                284.60               0.1531           19.1828               19.8179
   8           1.0188                284.75               0.1528           19.1971               19.8204
   9           1.0192                284.87               0.1526           19.2092               19.8225
  10           1.0196                284.98               0.1524           19.2196               19.8243
  11           1.0199                285.07               0.1522           19.2287               19.8258
  12           1.0202                285.15               0.1520           19.2367               19.8272
  13           1.0205                285.23               0.1519           19.2440               19.8284
  14           1.0207                285.29               0.1518           19.2505               19.8295
  15           1.0210                285.35               0.1517           19.2565               19.8305
  16           1.0212                285.41               0.1516           19.2620               19.8314
  17           1.0214                285.46               0.1515           19.2671               19.8323
  18           1.0215                285.51               0.1514           19.2719               19.8331
  19           1.0217                285.56               0.1513           19.2763               19.8338
  20           1.0218                285.60               0.1512           19.2804               19.8345
  21           1.0220                285.64               0.1511           19.2843               19.8351
  22           1.0221                285.68               0.1511           19.2879               19.8357
  23           1.0222                285.71               0.1510           19.2914               19.8363
  24           1.0224                285.75               0.1509           19.2947               19.8368
  25           1.0225                285.78               0.1509           19.2978               19.8373
  26           1.0226                285.81               0.1508           19.3008               19.8378
  27           1.0227                285.84               0.1508           19.3036               19.8382
  28           1.0228                285.87               0.1507           19.3063               19.8387
  29           1.0229                285.89               0.1507           19.3089               19.8391
  30           1.0230                285.92               0.1506           19.3114               19.8395


                              *******************************************************************
                              *  ANNUAL HEATING, COOLING AND/OR ELECTRICITY PRODUCTION PROFILE  *
                              *******************************************************************
  YEAR             ELECTRICITY                   HEAT                RESERVOIR            PERCENTAGE OF
                    PROVIDED                   EXTRACTED            HEAT CONTENT        TOTAL HEAT MINED
                   (GWh/year)                  (GWh/year)            (10^15 J)                 (%)
   1                 148.5                       752.0                658.79                   0.41
   2                 150.0                       758.1                656.06                   0.82
   3                 150.5                       760.1                653.33                   1.24
   4                 150.8                       761.4                650.59                   1.65
   5                 151.0                       762.2                647.84                   2.06
   6                 151.2                       762.9                645.10                   2.48
   7                 151.3                       763.4                642.35                   2.90
   8                 151.4                       763.8                639.60                   3.31
   9                 151.5                       764.2                636.85                   3.73
  10                 151.6                       764.5                634.09                   4.14
  11                 151.6                       764.8                631.34                   4.56
  12                 151.7                       765.0                628.59                   4.98
  13                 151.7                       765.3                625.83                   5.39
  14                 151.8                       765.5                623.08                   5.81
  15                 151.8                       765.7                620.32                   6.23
  16                 151.9                       765.8                617.56                   6.64
  17                 151.9                       766.0                614.81                   7.06
  18                 152.0                       766.2                612.05                   7.48
  19                 152.0                       766.3                609.29                   7.89
  20                 152.0                       766.4                606.53                   8.31
  21                 152.1                       766.6                603.77                   8.73
  22                 152.1                       766.7                601.01                   9.14
  23                 152.1                       766.8                598.25                   9.56
  24                 152.1                       766.9                595.49                   9.98
  25                 152.2                       767.0                592.73                  10.40
  26                 152.2                       767.1                589.97                  10.81
  27                 152.2                       767.2                587.20                  11.23
  28                 152.2                       767.3                584.44                  11.65
  29                 152.2                       767.4                581.68                  12.07
  30                 126.9                       639.5                579.38                  12.41


                             ********************************
                             *  REVENUE & CASHFLOW PROFILE  *
                             ********************************
Year            Electricity             |            Heat                  |           Cooling                 |         Carbon                    |          Project
Since     Price   Ann. Rev.  Cumm. Rev. |   Price   Ann. Rev.   Cumm. Rev. |  Price   Ann. Rev.   Cumm. Rev.   |   Price   Ann. Rev.   Cumm. Rev.  | OPEX    Net Rev.      Net Cashflow
Start    (cents/kWh)(MUSD/yr) (MUSD)    |(cents/kWh) (MUSD/yr)    (MUSD)   |(cents/kWh) (MUSD/yr)    (MUSD)    |(USD/tonne) (MUSD/yr)    (MUSD)    |(MUSD/yr) (MUSD/yr)    (MUSD)
________________________________________________________________________________________________________________________________________________________________________________________
  1      0.00          -59.72   0.00     |    0.00     0.00         0.00    |    0.00     0.00         0.00     |    0.00     0.00         0.00     |  0.00     -59.72     -59.72
  2      5.50           5.13   8.17     |    2.50     0.00         0.00    |    2.50     0.00         0.00     |    0.00     0.00         0.00     |  3.04      5.13     -54.59
  3      5.50           5.22  16.42     |    2.50     0.00         0.00    |    2.50     0.00         0.00     |    0.00     0.00         0.00     |  3.04      5.22     -49.37
  4      5.50           5.24  24.70     |    2.50     0.00         0.00    |    2.50     0.00         0.00     |    0.00     0.00         0.00     |  3.04      5.24     -44.13
  5      5.50           5.26  32.99     |    2.50     0.00         0.00    |    2.50     0.00         0.00     |    0.00     0.00         0.00     |  3.04      5.26     -38.87
  6      5.50           5.27  41.30     |    2.50     0.00         0.00    |    2.50     0.00         0.00     |    0.00     0.00         0.00     |  3.04      5.27     -33.60
  7      5.50           5.28  49.61     |    2.50     0.00         0.00    |    2.50     0.00         0.00     |    0.00     0.00         0.00     |  3.04      5.28     -28.32
  8      5.50           5.29  57.94     |    2.50     0.00         0.00    |    2.50     0.00         0.00     |    0.00     0.00         0.00     |  3.04      5.29     -23.04
  9      5.50           5.29  66.26     |    2.50     0.00         0.00    |    2.50     0.00         0.00     |    0.00     0.00         0.00     |  3.04      5.29     -17.75
 10      5.50           5.30  74.59     |    2.50     0.00         0.00    |    2.50     0.00         0.00     |    0.00     0.00         0.00     |  3.04      5.30     -12.45
 11      5.50           5.30  82.93     |    2.50     0.00         0.00    |    2.50     0.00         0.00     |    0.00     0.00         0.00     |  3.04      5.30     -7.15
 12      5.50           5.30  91.27     |    2.50     0.00         0.00    |    2.50     0.00         0.00     |    0.00     0.00         0.00     |  3.04      5.30     -1.84
 13      5.50           5.31  99.61     |    2.50     0.00         0.00    |    2.50     0.00         0.00     |    0.00     0.00         0.00     |  3.04      5.31      3.46
 14      5.50           5.31  107.96     |    2.50     0.00         0.00    |    2.50     0.00         0.00     |    0.00     0.00         0.00     |  3.04      5.31      8.77
 15      5.50           5.31  116.31     |    2.50     0.00         0.00    |    2.50     0.00         0.00     |    0.00     0.00         0.00     |  3.04      5.31     14.09
 16      5.50           5.32  124.66     |    2.50     0.00         0.00    |    2.50     0.00         0.00     |    0.00     0.00         0.00     |  3.04      5.32     19.40
 17      5.50           5.32  133.01     |    2.50     0.00         0.00    |    2.50     0.00         0.00     |    0.00     0.00         0.00     |  3.04      5.32     24.72
 18      5.50           5.32  141.37     |    2.50     0.00         0.00    |    2.50     0.00         0.00     |    0.00     0.00         0.00     |  3.04      5.32     30.04
 19      5.50           5.32  149.73     |    2.50     0.00         0.00    |    2.50     0.00         0.00     |    0.00     0.00         0.00     |  3.04      5.32     35.36
 20      5.50           5.32  158.08     |    2.50     0.00         0.00    |    2.50     0.00         0.00     |    0.00     0.00         0.00     |  3.04      5.32     40.69
 21      5.50           5.33  166.45     |    2.50     0.00         0.00    |    2.50     0.00         0.00     |    0.00     0.00         0.00     |  3.04      5.33     46.01
 22      5.50           5.33  174.81     |    2.50     0.00         0.00    |    2.50     0.00         0.00     |    0.00     0.00         0.00     |  3.04      5.33     51.34
 23      5.50           5.33  183.17     |    2.50     0.00         0.00    |    2.50     0.00         0.00     |    0.00     0.00         0.00     |  3.04      5.33     56.67
 24      5.50           5.33  191.54     |    2.50     0.00         0.00    |    2.50     0.00         0.00     |    0.00     0.00         0.00     |  3.04      5.33     62.00
 25      5.50           5.33  199.91     |    2.50     0.00         0.00    |    2.50     0.00         0.00     |    0.00     0.00         0.00     |  3.04      5.33     67.33
 26      5.50           5.33  208.27     |    2.50     0.00         0.00    |    2.50     0.00         0.00     |    0.00     0.00         0.00     |  3.04      5.33     72.66
 27      5.50           5.33  216.64     |    2.50     0.00         0.00    |    2.50     0.00         0.00     |    0.00     0.00         0.00     |  3.04      5.33     78.00
 28      5.50           5.34  225.02     |    2.50     0.00         0.00    |    2.50     0.00         0.00     |    0.00     0.00         0.00     |  3.04      5.34     83.33
 29      5.50           5.34  233.39     |    2.50     0.00         0.00    |    2.50     0.00         0.00     |    0.00     0.00         0.00     |  3.04      5.34     88.67
 30      5.50           5.34  241.76     |    2.50     0.00         0.00    |    2.50     0.00         0.00     |    0.00     0.00         0.00     |  3.04      5.34     94.01
