                               *****************
                               ***CASE REPORT***
                               *****************

Simulation Metadata
----------------------
 GEOPHIRES Version: 3.4.29
 Simulation Date: 2024-08-13
 Simulation Time:  10:54
 Calculation Time:      0.138 sec

                           ***SUMMARY OF RESULTS***

      End-Use Option: Cogeneration Bottoming Cycle, Electricity sales considered as extra income
      Average Net Electricity Production:                     3.17 MW
      Average Direct-Use Heat Production:                    14.28 MW
      Electricity breakeven price:                           18.40 cents/kWh
      Direct-Use heat breakeven price (LCOH):                 7.34 USD/MMBTU
      Number of production wells:                             2
      Number of injection wells:                              2
      Flowrate per production well:                          50.0 kg/sec
      Well depth:                                             4.0 kilometer
      Geothermal gradient:                                    0.0500 degC/m


                           ***ECONOMIC PARAMETERS***

      Economic Model = Standard Levelized Cost
      Interest Rate:                                          5.00
      Accrued financing during construction:                  0.00
      Project lifetime:                                      30 yr
      Capacity factor:                                       80.0 %
      Project NPV:                                         -45.96 MUSD
      Project IRR:                                          -7.45 %
      Project VIR=PI=PIR:                                    0.18
      Project MOIC:                                         -0.25
      Project Payback Period:                          N/A
      CHP: Percent cost allocation for electrical plant:      62.41%

                          ***ENGINEERING PARAMETERS***

      Number of Production Wells:                             2
      Number of Injection Wells:                              2
      Well depth:                                             4.0 kilometer
      Water loss rate:                                        0.0
      Pump efficiency:                                       80.0
      Injection temperature:                                 50.0 degC
      User-provided production well temperature drop
      Constant production well temperature drop:              3.0 degC
      Flowrate per production well:                          50.0 kg/sec
      Injection well casing ID:                               6.000 in
      Production well casing ID:                              6.000 in
      Number of times redrilling:                             1
      Power plant type:                                       Subcritical ORC


                         ***RESOURCE CHARACTERISTICS***

      Maximum reservoir temperature:                        400.0 degC
      Number of segments:                                     1
      Geothermal gradient:                                    0.0500 degC/m


                           ***RESERVOIR PARAMETERS***

      Reservoir Model = Annual Percentage Thermal Drawdown Model
      Annual Thermal Drawdown:                                1.000 1/year
      Bottom-hole temperature:                              212.00 degC
      Warning: the reservoir dimensions and thermo-physical properties
               listed below are default values if not provided by the user.
               They are only used for calculating remaining heat content.
      Reservoir volume provided as input
      Reservoir volume:                               125000000 m**3
      Reservoir hydrostatic pressure:                         42298.61 kPa
      Plant outlet pressure:                               2260.87 kPa
      Production wellhead pressure:                        2329.82 kPa
      Productivity Index:                                    10.00 kg/sec/bar
      Injectivity Index:                                     10.00 kg/sec/bar
      Reservoir density:                                   2700.00 kg/m**3
      Reservoir heat capacity:                             1000.00 J/kg/K


                           ***RESERVOIR SIMULATION RESULTS***

      Maximum Production Temperature:                       209.0 degC
      Average Production Temperature:                       197.0 degC
      Minimum Production Temperature:                       184.4 degC
      Initial Production Temperature:                       209.0 degC
      Average Reservoir Heat Extraction:                     55.86 MW
      Wellbore Heat Transmission Model = Constant Temperature Drop:       3.0 degC
      Average Injection Well Pump Pressure Drop:           1894.3 kPa
      Average Production Well Pump Pressure Drop:         -1178.2 kPa


                          ***CAPITAL COSTS (M$)***

         Drilling and completion costs:                      33.28 MUSD
         Drilling and completion costs per well:              8.32 MUSD
         Stimulation costs:                                   1.00 MUSD
         Surface power plant costs:                          19.21 MUSD
         Field gathering system costs:                        2.27 MUSD
         Total surface equipment costs:                      21.48 MUSD
         Exploration costs:                                   0.00 MUSD
      Total capital costs:                                   55.76 MUSD


                ***OPERATING AND MAINTENANCE COSTS (M$/yr)***

         Wellfield maintenance costs:                         0.68 MUSD/yr
         Power plant maintenance costs:                       1.25 MUSD/yr
         Water costs:                                         0.00 MUSD/yr
      Total operating and maintenance costs:                  3.07 MUSD/yr


                           ***SURFACE EQUIPMENT SIMULATION RESULTS***

      Initial geofluid availability:                          0.11 MW/(kg/s)
      Maximum Total Electricity Generation:                   3.40 MW
      Average Total Electricity Generation:                   3.40 MW
      Minimum Total Electricity Generation:                   3.40 MW
      Initial Total Electricity Generation:                   3.40 MW
      Maximum Net Electricity Generation:                     3.17 MW
      Average Net Electricity Generation:                     3.17 MW
      Minimum Net Electricity Generation:                     3.17 MW
      Initial Net Electricity Generation:                     3.17 MW
      Average Annual Total Electricity Generation:           23.57 GWh
      Average Annual Net Electricity Generation:             21.98 GWh
      Initial pumping power/net installed power:              7.25 %
      Maximum Net Heat Production:                           17.94 MW
      Average Net Heat Production:                           14.28 MW
      Minimum Net Heat Production:                           10.47 MW
      Initial Net Heat Production:                           17.94 MW
      Average Annual Heat Production:                        98.98 GWh
      Average Pumping Power:                                  0.23 MW

                            ************************************************************
                            *  HEATING, COOLING AND/OR ELECTRICITY PRODUCTION PROFILE  *
                            ************************************************************
  YEAR     THERMAL             GEOFLUID             PUMP             NET              NET             FIRST LAW
           DRAWDOWN           TEMPERATURE           POWER           POWER             HEAT            EFFICIENCY
                                (deg C)             (MW)            (MW)              (MW)               (%)
   0         1.0000              209.00             0.2300          3.1717             17.9373               8.3461
   1         0.9922              207.36             0.2300          3.1717             17.4392               8.3461
   2         0.9843              205.72             0.2300          3.1717             16.9412               8.3461
   3         0.9765              204.09             0.2300          3.1717             16.4431               8.3461
   4         0.9686              202.45             0.2300          3.1717             15.9451               8.3461
   5         0.9608              200.81             0.2300          3.1717             15.4470               8.3461
   6         0.9530              199.17             0.2300          3.1717             14.9490               8.3461
   7         0.9451              197.53             0.2300          3.1717             14.4509               8.3461
   8         0.9373              195.89             0.2300          3.1717             13.9529               8.3461
   9         0.9295              194.26             0.2300          3.1717             13.4548               8.3461
  10         0.9216              192.62             0.2300          3.1717             12.9568               8.3461
  11         0.9138              190.98             0.2300          3.1717             12.4587               8.3461
  12         0.9059              189.34             0.2300          3.1717             11.9607               8.3461
  13         0.8981              187.70             0.2300          3.1717             11.4626               8.3461
  14         0.8903              186.07             0.2300          3.1717             10.9646               8.3461
  15         0.8824              184.43             0.2300          3.1717             10.4665               8.3461
  16         0.9948              207.91             0.2300          3.1717             17.6053               8.3461
  17         0.9869              206.27             0.2300          3.1717             17.1072               8.3461
  18         0.9791              204.63             0.2300          3.1717             16.6092               8.3461
  19         0.9713              202.99             0.2300          3.1717             16.1111               8.3461
  20         0.9634              201.36             0.2300          3.1717             15.6131               8.3461
  21         0.9556              199.72             0.2300          3.1717             15.1150               8.3461
  22         0.9477              198.08             0.2300          3.1717             14.6170               8.3461
  23         0.9399              196.44             0.2300          3.1717             14.1189               8.3461
  24         0.9321              194.80             0.2300          3.1717             13.6209               8.3461
  25         0.9242              193.16             0.2300          3.1717             13.1228               8.3461
  26         0.9164              191.53             0.2300          3.1717             12.6248               8.3461
  27         0.9086              189.89             0.2300          3.1717             12.1267               8.3461
  28         0.9007              188.25             0.2300          3.1717             11.6287               8.3461
  29         0.8929              186.61             0.2300          3.1717             11.1306               8.3461


                              *******************************************************************
                              *  ANNUAL HEATING, COOLING AND/OR ELECTRICITY PRODUCTION PROFILE  *
                              *******************************************************************
  YEAR             HEAT                 ELECTRICITY                HEAT              RESERVOIR        PERCENTAGE OF
                  PROVIDED               PROVIDED                EXTRACTED          HEAT CONTENT    TOTAL HEAT MINED
                 (GWh/year)             (GWh/year)               (GWh/year)          (10^15 J)           (%)
   1               124.0                   22.2                    421.27               53.16                 2.77
   2               120.5                   22.2                    416.91               51.66                 5.52
   3               117.0                   22.2                    412.55               50.17                 8.24
   4               113.5                   22.2                    408.18               48.70                10.92
   5               110.0                   22.2                    403.82               47.25                13.58
   6               106.5                   22.2                    399.46               45.81                16.21
   7               103.0                   22.2                    395.09               44.39                18.81
   8                99.5                   22.2                    390.73               42.98                21.39
   9                96.0                   22.2                    386.37               41.59                23.93
  10                92.5                   22.2                    382.01               40.22                26.45
  11                89.1                   22.2                    377.64               38.86                28.93
  12                85.6                   22.2                    373.28               37.51                31.39
  13                82.1                   22.2                    368.92               36.18                33.82
  14                78.6                   22.2                    364.55               34.87                36.22
  15                75.1                   22.2                    360.19               33.58                38.59
  16               116.2                   22.2                    411.58               32.09                41.30
  17               121.6                   22.2                    418.36               30.59                44.06
  18               118.1                   22.2                    414.00               29.10                46.78
  19               114.7                   22.2                    409.64               27.62                49.48
  20               111.2                   22.2                    405.27               26.16                52.15
  21               107.7                   22.2                    400.91               24.72                54.79
  22               104.2                   22.2                    396.55               23.29                57.40
  23               100.7                   22.2                    392.19               21.88                59.98
  24                97.2                   22.2                    387.82               20.48                62.53
  25                93.7                   22.2                    383.46               19.10                65.06
  26                90.2                   22.2                    379.10               17.74                67.55
  27                86.7                   22.2                    374.73               16.39                70.02
  28                83.2                   22.2                    370.37               15.06                72.46
  29                79.7                   22.2                    366.01               13.74                74.87
  30                51.2                   14.8                    241.58               12.87                76.46


                             ********************************
                             *  REVENUE & CASHFLOW PROFILE  *
                             ********************************
Year            Electricity             |            Heat                  |           Cooling                 |         Carbon                    |          Project
Since     Price   Ann. Rev.  Cumm. Rev. |   Price   Ann. Rev.   Cumm. Rev. |  Price   Ann. Rev.   Cumm. Rev.   |   Price   Ann. Rev.   Cumm. Rev.  | OPEX    Net Rev.      Net Cashflow
Start    (cents/kWh)(MUSD/yr) (MUSD)    |(cents/kWh) (MUSD/yr)    (MUSD)   |(cents/kWh) (MUSD/yr)    (MUSD)    |(USD/tonne) (MUSD/yr)    (MUSD)    |(MUSD/yr) (MUSD/yr)    (MUSD)
________________________________________________________________________________________________________________________________________________________________________________________
  1      0.00           0.00   0.00     |    0.00     0.00         0.00    |    0.00     0.00         0.00     |    0.00     0.00         0.00     |  0.00     -55.76     -55.76
  2      5.50           1.22   1.22     |    2.50     3.10         3.10    |    2.50     0.00         0.00     |    0.00     0.00         0.00     |  3.07      1.25     -54.51
  3      5.50           1.22   2.45     |    2.50     3.01         6.11    |    2.50     0.00         0.00     |    0.00     0.00         0.00     |  3.07      1.17     -53.34
  4      5.50           1.22   3.67     |    2.50     2.92         9.04    |    2.50     0.00         0.00     |    0.00     0.00         0.00     |  3.07      1.08     -52.26
  5      5.50           1.22   4.89     |    2.50     2.84        11.87    |    2.50     0.00         0.00     |    0.00     0.00         0.00     |  3.07      0.99     -51.27
  6      5.50           1.22   6.11     |    2.50     2.75        14.62    |    2.50     0.00         0.00     |    0.00     0.00         0.00     |  3.07      0.91     -50.36
  7      5.50           1.22   7.34     |    2.50     2.66        17.29    |    2.50     0.00         0.00     |    0.00     0.00         0.00     |  3.07      0.82     -49.54
  8      5.50           1.22   8.56     |    2.50     2.58        19.86    |    2.50     0.00         0.00     |    0.00     0.00         0.00     |  3.07      0.73     -48.81
  9      5.50           1.22   9.78     |    2.50     2.49        22.35    |    2.50     0.00         0.00     |    0.00     0.00         0.00     |  3.07      0.64     -48.17
 10      5.50           1.22  11.00     |    2.50     2.40        24.75    |    2.50     0.00         0.00     |    0.00     0.00         0.00     |  3.07      0.56     -47.61
 11      5.50           1.22  12.23     |    2.50     2.31        27.06    |    2.50     0.00         0.00     |    0.00     0.00         0.00     |  3.07      0.47     -47.14
 12      5.50           1.22  13.45     |    2.50     2.23        29.29    |    2.50     0.00         0.00     |    0.00     0.00         0.00     |  3.07      0.38     -46.76
 13      5.50           1.22  14.67     |    2.50     2.14        31.43    |    2.50     0.00         0.00     |    0.00     0.00         0.00     |  3.07      0.30     -46.46
 14      5.50           1.22  15.89     |    2.50     2.05        33.48    |    2.50     0.00         0.00     |    0.00     0.00         0.00     |  3.07      0.21     -46.25
 15      5.50           1.22  17.12     |    2.50     1.96        35.45    |    2.50     0.00         0.00     |    0.00     0.00         0.00     |  3.07      0.12     -46.13
 16      5.50           1.22  18.34     |    2.50     1.88        37.32    |    2.50     0.00         0.00     |    0.00     0.00         0.00     |  3.07      0.03     -46.10
 17      5.50           1.22  19.56     |    2.50     2.91        40.23    |    2.50     0.00         0.00     |    0.00     0.00         0.00     |  3.07      1.06     -45.04
 18      5.50           1.22  20.78     |    2.50     3.04        43.27    |    2.50     0.00         0.00     |    0.00     0.00         0.00     |  3.07      1.20     -43.84
 19      5.50           1.22  22.01     |    2.50     2.95        46.22    |    2.50     0.00         0.00     |    0.00     0.00         0.00     |  3.07      1.11     -42.73
 20      5.50           1.22  23.23     |    2.50     2.87        49.09    |    2.50     0.00         0.00     |    0.00     0.00         0.00     |  3.07      1.02     -41.71
 21      5.50           1.22  24.45     |    2.50     2.78        51.87    |    2.50     0.00         0.00     |    0.00     0.00         0.00     |  3.07      0.93     -40.78
 22      5.50           1.22  25.67     |    2.50     2.69        54.56    |    2.50     0.00         0.00     |    0.00     0.00         0.00     |  3.07      0.85     -39.93
 23      5.50           1.22  26.90     |    2.50     2.60        57.16    |    2.50     0.00         0.00     |    0.00     0.00         0.00     |  3.07      0.76     -39.17
 24      5.50           1.22  28.12     |    2.50     2.52        59.68    |    2.50     0.00         0.00     |    0.00     0.00         0.00     |  3.07      0.67     -38.50
 25      5.50           1.22  29.34     |    2.50     2.43        62.11    |    2.50     0.00         0.00     |    0.00     0.00         0.00     |  3.07      0.59     -37.91
 26      5.50           1.22  30.56     |    2.50     2.34        64.45    |    2.50     0.00         0.00     |    0.00     0.00         0.00     |  3.07      0.50     -37.41
 27      5.50           1.22  31.79     |    2.50     2.26        66.71    |    2.50     0.00         0.00     |    0.00     0.00         0.00     |  3.07      0.41     -37.00
 28      5.50           1.22  33.01     |    2.50     2.17        68.88    |    2.50     0.00         0.00     |    0.00     0.00         0.00     |  3.07      0.32     -36.68
 29      5.50           1.22  34.23     |    2.50     2.08        70.96    |    2.50     0.00         0.00     |    0.00     0.00         0.00     |  3.07      0.24     -36.44
 30      5.50           1.22  35.45     |    2.50     1.99        72.95    |    2.50     0.00         0.00     |    0.00     0.00         0.00     |  3.07      0.15     -36.29
