                               *****************
                               ***CASE REPORT***
                               *****************

Simulation Metadata
----------------------
 GEOPHIRES Version: 3.4.29
 Simulation Date: 2024-08-13
 Simulation Time:  11:52
 Calculation Time:      1.679 sec

                           ***SUMMARY OF RESULTS***

      End-Use Option: Electricity
      Average Net Electricity Production:                     7.85 MW
      Electricity breakeven price:                            9.36 cents/kWh
      Number of production wells:                             2
      Number of injection wells:                              2
      Flowrate per production well:                          60.0 kg/sec
      Well depth:                                             4.0 kilometer
      Segment 1   Geothermal gradient:                        0.0500 degC/m
      Segment 1   Thickness:                               1000 meter
      Segment 2   Geothermal gradient:                        0.0400 degC/m
      Segment 2   Thickness:                               1000 meter
      Segment 3   Geothermal gradient:                        0.0300 degC/m
      Segment 3   Thickness:                               1000 meter
      Segment 4   Geothermal gradient:                        0.0500 degC/m


                           ***ECONOMIC PARAMETERS***

      Economic Model = Fixed Charge Rate (FCR)
      Fixed Charge Rate (FCR):                                5.00
      Accrued financing during construction:                  0.00
      Project lifetime:                                      30 yr
      Capacity factor:                                       90.0 %
      Project NPV:                                         -56.40 MUSD
      Project IRR:                                          -3.47 %
      Project VIR=PI=PIR:                                    0.26
      Project MOIC:                                         -0.25
      Project Payback Period:                          N/A

                          ***ENGINEERING PARAMETERS***

      Number of Production Wells:                             2
      Number of Injection Wells:                              2
      Well depth:                                             4.0 kilometer
      Water loss rate:                                        2.0
      Pump efficiency:                                       80.0
      Injection temperature:                                 50.0 degC
      User-provided production well temperature drop
      Constant production well temperature drop:              2.0 degC
      Flowrate per production well:                          60.0 kg/sec
      Injection well casing ID:                               7.000 in
      Production well casing ID:                              7.000 in
      Number of times redrilling:                             0
      Power plant type:                                       Supercritical ORC


                         ***RESOURCE CHARACTERISTICS***

      Maximum reservoir temperature:                        400.0 degC
      Number of segments:                                     4
      Segment 1   Geothermal gradient:                        0.0500 degC/m
      Segment 1   Thickness:                               1000 meter
      Segment 2   Geothermal gradient:                        0.0400 degC/m
      Segment 2   Thickness:                               1000 meter
      Segment 3   Geothermal gradient:                        0.0300 degC/m
      Segment 3   Thickness:                               1000 meter
      Segment 4   Geothermal gradient:                        0.0500 degC/m


                           ***RESERVOIR PARAMETERS***

      Reservoir Model = Multiple Parallel Fractures Model
      Bottom-hole temperature:                              190.00 degC
      Fracture model = Square
      Well separation: fracture height:                     600.00 meter
      Fracture area:                                     360000.00 m**2
      Reservoir volume:                              1000000000 m**3
      Reservoir hydrostatic pressure:                         42657.64 kPa
      Plant outlet pressure:                               1530.99 kPa
      Production wellhead pressure:                        1599.94 kPa
      Productivity Index:                                     5.00 kg/sec/bar
      Injectivity Index:                                      5.00 kg/sec/bar
      Reservoir density:                                   2700.00 kg/m**3
      Reservoir thermal conductivity:                         2.70 W/m/K
      Reservoir heat capacity:                             1000.00 J/kg/K


                           ***RESERVOIR SIMULATION RESULTS***

      Maximum Production Temperature:                       188.0 degC
      Average Production Temperature:                       186.2 degC
      Minimum Production Temperature:                       181.0 degC
      Initial Production Temperature:                       188.0 degC
      Average Reservoir Heat Extraction:                     62.12 MW
      Wellbore Heat Transmission Model = Constant Temperature Drop:       2.0 degC
      Average Injection Well Pump Pressure Drop:           3130.0 kPa
      Average Production Well Pump Pressure Drop:         -1868.3 kPa


                          ***CAPITAL COSTS (M$)***

         Drilling and completion costs:                      33.28 MUSD
         Drilling and completion costs per well:              8.32 MUSD
         Stimulation costs:                                   3.02 MUSD
         Surface power plant costs:                          30.27 MUSD
         Field gathering system costs:                        2.42 MUSD
         Total surface equipment costs:                      32.69 MUSD
         Exploration costs:                                   7.72 MUSD
      Total capital costs:                                   76.71 MUSD
      Annualized capital costs:                               3.84 MUSD


                ***OPERATING AND MAINTENANCE COSTS (M$/yr)***

         Wellfield maintenance costs:                         0.62 MUSD/yr
         Power plant maintenance costs:                       1.25 MUSD/yr
         Water costs:                                         0.06 MUSD/yr
      Total operating and maintenance costs:                  1.93 MUSD/yr


                           ***SURFACE EQUIPMENT SIMULATION RESULTS***

      Initial geofluid availability:                          0.15 MW/(kg/s)
      Maximum Total Electricity Generation:                   8.54 MW
      Average Total Electricity Generation:                   8.32 MW
      Minimum Total Electricity Generation:                   7.69 MW
      Initial Total Electricity Generation:                   8.54 MW
      Maximum Net Electricity Generation:                     8.08 MW
      Average Net Electricity Generation:                     7.85 MW
      Minimum Net Electricity Generation:                     7.22 MW
      Initial Net Electricity Generation:                     8.08 MW
      Average Annual Total Electricity Generation:           65.22 GWh
      Average Annual Net Electricity Generation:             61.57 GWh
      Initial pumping power/net installed power:              5.76 %
      Average Pumping Power:                                  0.47 MW

                            ************************************************************
                            *  HEATING, COOLING AND/OR ELECTRICITY PRODUCTION PROFILE  *
                            ************************************************************
  YEAR       THERMAL               GEOFLUID               PUMP               NET               FIRST LAW
             DRAWDOWN             TEMPERATURE             POWER             POWER              EFFICIENCY
                                     (degC)               (MW)              (MW)                  (%)
   1           1.0000                188.00               0.4652            8.0765               12.8283
   2           1.0000                188.00               0.4652            8.0765               12.8283
   3           1.0000                188.00               0.4652            8.0765               12.8283
   4           1.0000                188.00               0.4652            8.0765               12.8283
   5           1.0000                188.00               0.4652            8.0765               12.8283
   6           1.0000                188.00               0.4652            8.0765               12.8283
   7           1.0000                188.00               0.4652            8.0763               12.8281
   8           1.0000                187.99               0.4652            8.0756               12.8276
   9           0.9999                187.98               0.4652            8.0738               12.8261
  10           0.9997                187.95               0.4652            8.0702               12.8231
  11           0.9995                187.90               0.4652            8.0641               12.8180
  12           0.9991                187.82               0.4652            8.0548               12.8101
  13           0.9985                187.72               0.4652            8.0417               12.7992
  14           0.9978                187.58               0.4652            8.0246               12.7848
  15           0.9968                187.41               0.4652            8.0032               12.7667
  16           0.9957                187.20               0.4652            7.9774               12.7450
  17           0.9944                186.95               0.4652            7.9474               12.7196
  18           0.9930                186.68               0.4652            7.9133               12.6907
  19           0.9913                186.37               0.4652            7.8752               12.6584
  20           0.9895                186.03               0.4652            7.8335               12.6228
  21           0.9875                185.66               0.4652            7.7884               12.5842
  22           0.9855                185.27               0.4652            7.7402               12.5428
  23           0.9832                184.85               0.4652            7.6893               12.4988
  24           0.9809                184.41               0.4652            7.6358               12.4525
  25           0.9785                183.95               0.4652            7.5801               12.4040
  26           0.9759                183.47               0.4652            7.5225               12.3536
  27           0.9733                182.98               0.4652            7.4631               12.3015
  28           0.9706                182.48               0.4652            7.4024               12.2478
  29           0.9679                181.96               0.4652            7.3403               12.1927
  30           0.9651                181.43               0.4652            7.2773               12.1364


                              *******************************************************************
                              *  ANNUAL HEATING, COOLING AND/OR ELECTRICITY PRODUCTION PROFILE  *
                              *******************************************************************
  YEAR             ELECTRICITY                   HEAT                RESERVOIR            PERCENTAGE OF
                    PROVIDED                   EXTRACTED            HEAT CONTENT        TOTAL HEAT MINED
                   (GWh/year)                  (GWh/year)            (10^15 J)                 (%)
   1                  63.7                       496.4                376.21                   0.47
   2                  63.7                       496.4                374.43                   0.95
   3                  63.7                       496.4                372.64                   1.42
   4                  63.7                       496.4                370.85                   1.89
   5                  63.7                       496.4                369.07                   2.36
   6                  63.7                       496.4                367.28                   2.84
   7                  63.7                       496.3                365.49                   3.31
   8                  63.7                       496.3                363.70                   3.78
   9                  63.6                       496.2                361.92                   4.25
  10                  63.6                       496.1                360.13                   4.73
  11                  63.5                       495.9                358.35                   5.20
  12                  63.5                       495.6                356.56                   5.67
  13                  63.3                       495.1                354.78                   6.14
  14                  63.2                       494.6                353.00                   6.61
  15                  63.0                       493.9                351.22                   7.08
  16                  62.8                       493.1                349.45                   7.55
  17                  62.5                       492.1                347.68                   8.02
  18                  62.2                       491.1                345.91                   8.49
  19                  61.9                       489.9                344.14                   8.96
  20                  61.6                       488.6                342.39                   9.42
  21                  61.2                       487.2                340.63                   9.89
  22                  60.8                       485.8                338.88                  10.35
  23                  60.4                       484.2                337.14                  10.81
  24                  60.0                       482.6                335.40                  11.27
  25                  59.5                       480.9                333.67                  11.73
  26                  59.1                       479.2                331.95                  12.18
  27                  58.6                       477.4                330.23                  12.64
  28                  58.1                       475.6                328.51                  13.09
  29                  57.6                       473.7                326.81                  13.54
  30                  47.6                       393.3                325.39                  13.92


                             ********************************
                             *  REVENUE & CASHFLOW PROFILE  *
                             ********************************
Year            Electricity             |            Heat                  |           Cooling                 |         Carbon                    |          Project
Since     Price   Ann. Rev.  Cumm. Rev. |   Price   Ann. Rev.   Cumm. Rev. |  Price   Ann. Rev.   Cumm. Rev.   |   Price   Ann. Rev.   Cumm. Rev.  | OPEX    Net Rev.      Net Cashflow
Start    (cents/kWh)(MUSD/yr) (MUSD)    |(cents/kWh) (MUSD/yr)    (MUSD)   |(cents/kWh) (MUSD/yr)    (MUSD)    |(USD/tonne) (MUSD/yr)    (MUSD)    |(MUSD/yr) (MUSD/yr)    (MUSD)
________________________________________________________________________________________________________________________________________________________________________________________
  1      0.00          -76.71   0.00     |    0.00     0.00         0.00    |    0.00     0.00         0.00     |    0.00     0.00         0.00     |  0.00     -76.71     -76.71
  2      5.50           1.57   3.50     |    2.50     0.00         0.00    |    2.50     0.00         0.00     |    0.00     0.00         0.00     |  1.93      1.57     -75.14
  3      5.50           1.57   7.00     |    2.50     0.00         0.00    |    2.50     0.00         0.00     |    0.00     0.00         0.00     |  1.93      1.57     -73.57
  4      5.50           1.57  10.51     |    2.50     0.00         0.00    |    2.50     0.00         0.00     |    0.00     0.00         0.00     |  1.93      1.57     -71.99
  5      5.50           1.57  14.01     |    2.50     0.00         0.00    |    2.50     0.00         0.00     |    0.00     0.00         0.00     |  1.93      1.57     -70.42
  6      5.50           1.57  17.51     |    2.50     0.00         0.00    |    2.50     0.00         0.00     |    0.00     0.00         0.00     |  1.93      1.57     -68.85
  7      5.50           1.57  21.01     |    2.50     0.00         0.00    |    2.50     0.00         0.00     |    0.00     0.00         0.00     |  1.93      1.57     -67.28
  8      5.50           1.57  24.51     |    2.50     0.00         0.00    |    2.50     0.00         0.00     |    0.00     0.00         0.00     |  1.93      1.57     -65.70
  9      5.50           1.57  28.02     |    2.50     0.00         0.00    |    2.50     0.00         0.00     |    0.00     0.00         0.00     |  1.93      1.57     -64.13
 10      5.50           1.57  31.52     |    2.50     0.00         0.00    |    2.50     0.00         0.00     |    0.00     0.00         0.00     |  1.93      1.57     -62.56
 11      5.50           1.57  35.01     |    2.50     0.00         0.00    |    2.50     0.00         0.00     |    0.00     0.00         0.00     |  1.93      1.57     -60.99
 12      5.50           1.57  38.51     |    2.50     0.00         0.00    |    2.50     0.00         0.00     |    0.00     0.00         0.00     |  1.93      1.57     -59.43
 13      5.50           1.56  42.00     |    2.50     0.00         0.00    |    2.50     0.00         0.00     |    0.00     0.00         0.00     |  1.93      1.56     -57.86
 14      5.50           1.55  45.48     |    2.50     0.00         0.00    |    2.50     0.00         0.00     |    0.00     0.00         0.00     |  1.93      1.55     -56.31
 15      5.50           1.55  48.96     |    2.50     0.00         0.00    |    2.50     0.00         0.00     |    0.00     0.00         0.00     |  1.93      1.55     -54.76
 16      5.50           1.54  52.42     |    2.50     0.00         0.00    |    2.50     0.00         0.00     |    0.00     0.00         0.00     |  1.93      1.54     -53.23
 17      5.50           1.52  55.88     |    2.50     0.00         0.00    |    2.50     0.00         0.00     |    0.00     0.00         0.00     |  1.93      1.52     -51.71
 18      5.50           1.51  59.31     |    2.50     0.00         0.00    |    2.50     0.00         0.00     |    0.00     0.00         0.00     |  1.93      1.51     -50.20
 19      5.50           1.49  62.74     |    2.50     0.00         0.00    |    2.50     0.00         0.00     |    0.00     0.00         0.00     |  1.93      1.49     -48.70
 20      5.50           1.48  66.14     |    2.50     0.00         0.00    |    2.50     0.00         0.00     |    0.00     0.00         0.00     |  1.93      1.48     -47.23
 21      5.50           1.46  69.53     |    2.50     0.00         0.00    |    2.50     0.00         0.00     |    0.00     0.00         0.00     |  1.93      1.46     -45.77
 22      5.50           1.44  72.90     |    2.50     0.00         0.00    |    2.50     0.00         0.00     |    0.00     0.00         0.00     |  1.93      1.44     -44.33
 23      5.50           1.42  76.24     |    2.50     0.00         0.00    |    2.50     0.00         0.00     |    0.00     0.00         0.00     |  1.93      1.42     -42.92
 24      5.50           1.39  79.57     |    2.50     0.00         0.00    |    2.50     0.00         0.00     |    0.00     0.00         0.00     |  1.93      1.39     -41.52
 25      5.50           1.37  82.86     |    2.50     0.00         0.00    |    2.50     0.00         0.00     |    0.00     0.00         0.00     |  1.93      1.37     -40.15
 26      5.50           1.35  86.14     |    2.50     0.00         0.00    |    2.50     0.00         0.00     |    0.00     0.00         0.00     |  1.93      1.35     -38.81
 27      5.50           1.32  89.39     |    2.50     0.00         0.00    |    2.50     0.00         0.00     |    0.00     0.00         0.00     |  1.93      1.32     -37.49
 28      5.50           1.29  92.61     |    2.50     0.00         0.00    |    2.50     0.00         0.00     |    0.00     0.00         0.00     |  1.93      1.29     -36.19
 29      5.50           1.27  95.81     |    2.50     0.00         0.00    |    2.50     0.00         0.00     |    0.00     0.00         0.00     |  1.93      1.27     -34.93
 30      5.50           1.24  98.98     |    2.50     0.00         0.00    |    2.50     0.00         0.00     |    0.00     0.00         0.00     |  1.93      1.24     -33.69
