                               *****************
                               ***CASE REPORT***
                               *****************

Simulation Metadata
----------------------
 GEOPHIRES Version: 3.4.29
 Simulation Date: 2024-08-13
 Simulation Time:  10:51
 Calculation Time:      1.908 sec

                           ***SUMMARY OF RESULTS***

      End-Use Option: Electricity
      Average Net Electricity Production:                     0.41 MW
      Electricity breakeven price:                           58.37 cents/kWh
      Number of production wells:                             1
      Number of injection wells:                              1
      Flowrate per production well:                          40.0 kg/sec
      Well depth:                                             3.8 kilometer
      Geothermal gradient:                                    0.0280 degC/m


                           ***ECONOMIC PARAMETERS***

      Economic Model = Fixed Charge Rate (FCR)
      Fixed Charge Rate (FCR):                                5.00
      Accrued financing during construction:                  0.00
      Project lifetime:                                      30 yr
      Capacity factor:                                       90.0 %
      Project NPV:                                         -31.83 MUSD
      Project IRR:                                           0.00 %
      Project VIR=PI=PIR:                                   -0.15
      Project MOIC:                                         -0.87
      Project Payback Period:                          N/A

                          ***ENGINEERING PARAMETERS***

      Number of Production Wells:                             1
      Number of Injection Wells:                              1
      Well depth:                                             3.8 kilometer
      Water loss rate:                                        2.0
      Pump efficiency:                                       80.0
      Injection temperature:                                 60.0 degC
      Production Wellbore heat transmission calculated with Ramey's model
      Average production well temperature drop:               4.0 degC
      Flowrate per production well:                          40.0 kg/sec
      Injection well casing ID:                               7.000 in
      Production well casing ID:                              7.000 in
      Number of times redrilling:                             0
      Power plant type:                                       Subcritical ORC


                         ***RESOURCE CHARACTERISTICS***

      Maximum reservoir temperature:                        400.0 degC
      Number of segments:                                     1
      Geothermal gradient:                                    0.0280 degC/m


                           ***RESERVOIR PARAMETERS***

      Reservoir Model = Multiple Parallel Fractures Model
      Bottom-hole temperature:                              126.40 degC
      Fracture model = Square
      Well separation: fracture height:                     700.00 meter
      Fracture area:                                     490000.00 m**2
      Reservoir volume calculated with fracture separation and number of fractures as input
      Number of fractures:                                    5.00
      Fracture separation:                                  100.00 meter
      Reservoir volume:                               196000000 m**3
      Reservoir impedance:                                    0.05 GPa.s/m**3
      Reservoir density:                                   2730.00 kg/m**3
      Reservoir thermal conductivity:                         2.83 W/m/K
      Reservoir heat capacity:                              825.00 J/kg/K


                           ***RESERVOIR SIMULATION RESULTS***

      Maximum Production Temperature:                       122.3 degC
      Average Production Temperature:                       121.3 degC
      Minimum Production Temperature:                       118.7 degC
      Initial Production Temperature:                       120.2 degC
      Average Reservoir Heat Extraction:                      9.35 MW
      Production Wellbore Heat Transmission Model = Ramey Model
      Average Production Well Temperature Drop:               4.0 degC
      Total Average Pressure Drop:                         2839.8 kPa
      Average Injection Well Pressure Drop:                 505.1 kPa
      Average Reservoir Pressure Drop:                     1840.4 kPa
      Average Production Well Pressure Drop:                494.7 kPa
      Average Buoyancy Pressure Drop:                        -0.4 kPa


                          ***CAPITAL COSTS (M$)***

         Drilling and completion costs:                      15.41 MUSD
         Drilling and completion costs per well:              7.70 MUSD
         Stimulation costs:                                   1.51 MUSD
         Surface power plant costs:                           2.41 MUSD
         Field gathering system costs:                        1.19 MUSD
         Total surface equipment costs:                       3.60 MUSD
         Exploration costs:                                   7.24 MUSD
      Total capital costs:                                   27.76 MUSD
      Annualized capital costs:                               1.39 MUSD


                ***OPERATING AND MAINTENANCE COSTS (M$/yr)***

         Wellfield maintenance costs:                         0.23 MUSD/yr
         Power plant maintenance costs:                       0.23 MUSD/yr
         Water costs:                                         0.02 MUSD/yr
      Total operating and maintenance costs:                  0.48 MUSD/yr


                           ***SURFACE EQUIPMENT SIMULATION RESULTS***

      Initial geofluid availability:                          0.06 MW/(kg/s)
      Maximum Total Electricity Generation:                   0.57 MW
      Average Total Electricity Generation:                   0.55 MW
      Minimum Total Electricity Generation:                   0.51 MW
      Initial Total Electricity Generation:                   0.53 MW
      Maximum Net Electricity Generation:                     0.42 MW
      Average Net Electricity Generation:                     0.41 MW
      Minimum Net Electricity Generation:                     0.37 MW
      Initial Net Electricity Generation:                     0.39 MW
      Average Annual Total Electricity Generation:            4.31 GWh
      Average Annual Net Electricity Generation:              3.20 GWh
      Initial pumping power/net installed power:             36.26 %
      Average Pumping Power:                                  0.14 MW

                            ************************************************************
                            *  HEATING, COOLING AND/OR ELECTRICITY PRODUCTION PROFILE  *
                            ************************************************************
  YEAR       THERMAL               GEOFLUID               PUMP               NET               FIRST LAW
             DRAWDOWN             TEMPERATURE             POWER             POWER              EFFICIENCY
                                     (degC)               (MW)              (MW)                  (%)
   1           1.0000                120.16               0.1416            0.3904                4.2510
   2           1.0100                121.35               0.1416            0.4097                4.3742
   3           1.0129                121.70               0.1416            0.4154                4.4100
   4           1.0144                121.89               0.1416            0.4184                4.4288
   5           1.0154                122.01               0.1416            0.4204                4.4412
   6           1.0161                122.10               0.1416            0.4219                4.4504
   7           1.0167                122.16               0.1416            0.4230                4.4574
   8           1.0172                122.22               0.1416            0.4239                4.4628
   9           1.0175                122.25               0.1416            0.4245                4.4666
  10           1.0176                122.27               0.1416            0.4248                4.4685
  11           1.0176                122.27               0.1416            0.4248                4.4686
  12           1.0175                122.25               0.1416            0.4245                4.4665
  13           1.0171                122.21               0.1416            0.4238                4.4622
  14           1.0166                122.15               0.1416            0.4228                4.4558
  15           1.0159                122.06               0.1416            0.4214                4.4471
  16           1.0150                121.96               0.1416            0.4196                4.4363
  17           1.0140                121.83               0.1416            0.4176                4.4235
  18           1.0128                121.69               0.1416            0.4152                4.4088
  19           1.0114                121.53               0.1416            0.4126                4.3924
  20           1.0100                121.36               0.1415            0.4097                4.3744
  21           1.0084                121.17               0.1415            0.4067                4.3549
  22           1.0067                120.96               0.1415            0.4034                4.3341
  23           1.0049                120.75               0.1415            0.3999                4.3120
  24           1.0030                120.52               0.1415            0.3963                4.2888
  25           1.0011                120.29               0.1415            0.3925                4.2646
  26           0.9990                120.04               0.1415            0.3886                4.2395
  27           0.9969                119.79               0.1415            0.3846                4.2134
  28           0.9948                119.53               0.1415            0.3805                4.1866
  29           0.9925                119.26               0.1415            0.3763                4.1590
  30           0.9902                118.98               0.1415            0.3720                4.1307


                              *******************************************************************
                              *  ANNUAL HEATING, COOLING AND/OR ELECTRICITY PRODUCTION PROFILE  *
                              *******************************************************************
  YEAR             ELECTRICITY                   HEAT                RESERVOIR            PERCENTAGE OF
                    PROVIDED                   EXTRACTED            HEAT CONTENT        TOTAL HEAT MINED
                   (GWh/year)                  (GWh/year)            (10^15 J)                 (%)
   1                   3.2                        73.2                 29.05                   0.90
   2                   3.3                        74.1                 28.78                   1.81
   3                   3.3                        74.4                 28.51                   2.72
   4                   3.3                        74.6                 28.25                   3.64
   5                   3.3                        74.7                 27.98                   4.56
   6                   3.3                        74.8                 27.71                   5.47
   7                   3.3                        74.9                 27.44                   6.39
   8                   3.3                        74.9                 27.17                   7.31
   9                   3.3                        74.9                 26.90                   8.23
  10                   3.3                        75.0                 26.63                   9.15
  11                   3.3                        74.9                 26.36                  10.08
  12                   3.3                        74.9                 26.09                  11.00
  13                   3.3                        74.8                 25.82                  11.91
  14                   3.3                        74.8                 25.55                  12.83
  15                   3.3                        74.6                 25.28                  13.75
  16                   3.3                        74.5                 25.01                  14.66
  17                   3.3                        74.3                 24.75                  15.58
  18                   3.3                        74.2                 24.48                  16.49
  19                   3.2                        74.0                 24.21                  17.40
  20                   3.2                        73.7                 23.95                  18.30
  21                   3.2                        73.5                 23.68                  19.20
  22                   3.2                        73.2                 23.42                  20.10
  23                   3.1                        73.0                 23.16                  21.00
  24                   3.1                        72.7                 22.89                  21.89
  25                   3.1                        72.4                 22.63                  22.78
  26                   3.0                        72.1                 22.37                  23.67
  27                   3.0                        71.8                 22.12                  24.55
  28                   3.0                        71.5                 21.86                  25.43
  29                   2.9                        71.2                 21.60                  26.30
  30                   2.4                        59.0                 21.39                  27.03


                             ********************************
                             *  REVENUE & CASHFLOW PROFILE  *
                             ********************************
Year            Electricity             |            Heat                  |           Cooling                 |         Carbon                    |          Project
Since     Price   Ann. Rev.  Cumm. Rev. |   Price   Ann. Rev.   Cumm. Rev. |  Price   Ann. Rev.   Cumm. Rev.   |   Price   Ann. Rev.   Cumm. Rev.  | OPEX    Net Rev.      Net Cashflow
Start    (cents/kWh)(MUSD/yr) (MUSD)    |(cents/kWh) (MUSD/yr)    (MUSD)   |(cents/kWh) (MUSD/yr)    (MUSD)    |(USD/tonne) (MUSD/yr)    (MUSD)    |(MUSD/yr) (MUSD/yr)    (MUSD)
________________________________________________________________________________________________________________________________________________________________________________________
  1      0.00          -27.76   0.00     |    0.00     0.00         0.00    |    0.00     0.00         0.00     |    0.00     0.00         0.00     |  0.00     -27.76     -27.76
  2      5.50          -0.31   0.17     |    2.50     0.00         0.00    |    2.50     0.00         0.00     |    0.00     0.00         0.00     |  0.48     -0.31     -28.07
  3      5.50          -0.30   0.35     |    2.50     0.00         0.00    |    2.50     0.00         0.00     |    0.00     0.00         0.00     |  0.48     -0.30     -28.37
  4      5.50          -0.30   0.53     |    2.50     0.00         0.00    |    2.50     0.00         0.00     |    0.00     0.00         0.00     |  0.48     -0.30     -28.67
  5      5.50          -0.30   0.72     |    2.50     0.00         0.00    |    2.50     0.00         0.00     |    0.00     0.00         0.00     |  0.48     -0.30     -28.98
  6      5.50          -0.30   0.90     |    2.50     0.00         0.00    |    2.50     0.00         0.00     |    0.00     0.00         0.00     |  0.48     -0.30     -29.28
  7      5.50          -0.30   1.08     |    2.50     0.00         0.00    |    2.50     0.00         0.00     |    0.00     0.00         0.00     |  0.48     -0.30     -29.57
  8      5.50          -0.30   1.27     |    2.50     0.00         0.00    |    2.50     0.00         0.00     |    0.00     0.00         0.00     |  0.48     -0.30     -29.87
  9      5.50          -0.30   1.45     |    2.50     0.00         0.00    |    2.50     0.00         0.00     |    0.00     0.00         0.00     |  0.48     -0.30     -30.17
 10      5.50          -0.30   1.63     |    2.50     0.00         0.00    |    2.50     0.00         0.00     |    0.00     0.00         0.00     |  0.48     -0.30     -30.47
 11      5.50          -0.30   1.82     |    2.50     0.00         0.00    |    2.50     0.00         0.00     |    0.00     0.00         0.00     |  0.48     -0.30     -30.77
 12      5.50          -0.30   2.00     |    2.50     0.00         0.00    |    2.50     0.00         0.00     |    0.00     0.00         0.00     |  0.48     -0.30     -31.07
 13      5.50          -0.30   2.19     |    2.50     0.00         0.00    |    2.50     0.00         0.00     |    0.00     0.00         0.00     |  0.48     -0.30     -31.37
 14      5.50          -0.30   2.37     |    2.50     0.00         0.00    |    2.50     0.00         0.00     |    0.00     0.00         0.00     |  0.48     -0.30     -31.67
 15      5.50          -0.30   2.55     |    2.50     0.00         0.00    |    2.50     0.00         0.00     |    0.00     0.00         0.00     |  0.48     -0.30     -31.97
 16      5.50          -0.30   2.73     |    2.50     0.00         0.00    |    2.50     0.00         0.00     |    0.00     0.00         0.00     |  0.48     -0.30     -32.27
 17      5.50          -0.30   2.92     |    2.50     0.00         0.00    |    2.50     0.00         0.00     |    0.00     0.00         0.00     |  0.48     -0.30     -32.57
 18      5.50          -0.30   3.10     |    2.50     0.00         0.00    |    2.50     0.00         0.00     |    0.00     0.00         0.00     |  0.48     -0.30     -32.87
 19      5.50          -0.30   3.28     |    2.50     0.00         0.00    |    2.50     0.00         0.00     |    0.00     0.00         0.00     |  0.48     -0.30     -33.17
 20      5.50          -0.30   3.45     |    2.50     0.00         0.00    |    2.50     0.00         0.00     |    0.00     0.00         0.00     |  0.48     -0.30     -33.48
 21      5.50          -0.31   3.63     |    2.50     0.00         0.00    |    2.50     0.00         0.00     |    0.00     0.00         0.00     |  0.48     -0.31     -33.78
 22      5.50          -0.31   3.81     |    2.50     0.00         0.00    |    2.50     0.00         0.00     |    0.00     0.00         0.00     |  0.48     -0.31     -34.09
 23      5.50          -0.31   3.98     |    2.50     0.00         0.00    |    2.50     0.00         0.00     |    0.00     0.00         0.00     |  0.48     -0.31     -34.40
 24      5.50          -0.31   4.15     |    2.50     0.00         0.00    |    2.50     0.00         0.00     |    0.00     0.00         0.00     |  0.48     -0.31     -34.71
 25      5.50          -0.31   4.32     |    2.50     0.00         0.00    |    2.50     0.00         0.00     |    0.00     0.00         0.00     |  0.48     -0.31     -35.02
 26      5.50          -0.31   4.49     |    2.50     0.00         0.00    |    2.50     0.00         0.00     |    0.00     0.00         0.00     |  0.48     -0.31     -35.33
 27      5.50          -0.32   4.66     |    2.50     0.00         0.00    |    2.50     0.00         0.00     |    0.00     0.00         0.00     |  0.48     -0.32     -35.65
 28      5.50          -0.32   4.83     |    2.50     0.00         0.00    |    2.50     0.00         0.00     |    0.00     0.00         0.00     |  0.48     -0.32     -35.97
 29      5.50          -0.32   4.99     |    2.50     0.00         0.00    |    2.50     0.00         0.00     |    0.00     0.00         0.00     |  0.48     -0.32     -36.29
 30      5.50          -0.32   5.15     |    2.50     0.00         0.00    |    2.50     0.00         0.00     |    0.00     0.00         0.00     |  0.48     -0.32     -36.61
