                               *****************
                               ***CASE REPORT***
                               *****************

Simulation Metadata
----------------------
 GEOPHIRES Version: 3.4.29
 Simulation Date: 2024-08-13
 Simulation Time:  11:45
 Calculation Time:      1.720 sec

                           ***SUMMARY OF RESULTS***

      End-Use Option: Electricity
      Average Net Electricity Production:                    30.07 MW
      Electricity breakeven price:                            5.98 cents/kWh
      Number of production wells:                             2
      Number of injection wells:                              2
      Flowrate per production well:                          55.0 kg/sec
      Well depth:                                             7.5 kilometer
      Geothermal gradient:                                    0.0500 degC/m


                           ***ECONOMIC PARAMETERS***

      Economic Model = Fixed Charge Rate (FCR)
      Fixed Charge Rate (FCR):                                5.00
      Accrued financing during construction:                  0.00
      Project lifetime:                                      30 yr
      Capacity factor:                                       90.0 %
      Project NPV:                                          20.73 MUSD
      Project IRR:                                           6.98 %
      Project VIR=PI=PIR:                                    1.09
      Project MOIC:                                          1.24
      Project Payback Period:                               13.65 yr

                          ***ENGINEERING PARAMETERS***

      Number of Production Wells:                             2
      Number of Injection Wells:                              2
      Well depth:                                             7.5 kilometer
      Water loss rate:                                        2.0
      Pump efficiency:                                       80.0
      Injection temperature:                                 50.0 degC
      Production Wellbore heat transmission calculated with Ramey's model
      Average production well temperature drop:              20.6 degC
      Flowrate per production well:                          55.0 kg/sec
      Injection well casing ID:                               7.000 in
      Production well casing ID:                              7.000 in
      Number of times redrilling:                             0
      Power plant type:                                       Single-Flash


                         ***RESOURCE CHARACTERISTICS***

      Maximum reservoir temperature:                        500.0 degC
      Number of segments:                                     1
      Geothermal gradient:                                    0.0500 degC/m


                           ***RESERVOIR PARAMETERS***

      Reservoir Model = Multiple Parallel Fractures Model
      Bottom-hole temperature:                              395.00 degC
      Fracture model = Square
      Well separation: fracture height:                     900.00 meter
      Fracture area:                                     810000.00 m**2
      Reservoir volume:                              1000000000 m**3
      Reservoir hydrostatic pressure:                         76374.62 kPa
      Plant outlet pressure:                                100.00 kPa
      Injectivity Index:                                      5.00 kg/sec/bar
      Reservoir density:                                   2700.00 kg/m**3
      Reservoir thermal conductivity:                         2.70 W/m/K
      Reservoir heat capacity:                             1000.00 J/kg/K


                           ***RESERVOIR SIMULATION RESULTS***

      Maximum Production Temperature:                       376.2 degC
      Average Production Temperature:                       374.4 degC
      Minimum Production Temperature:                       363.2 degC
      Initial Production Temperature:                       363.2 degC
      Average Reservoir Heat Extraction:                    130.74 MW
      Production Wellbore Heat Transmission Model = Ramey Model
      Average Production Well Temperature Drop:              20.6 degC
      Average Injection Well Pump Pressure Drop:           1220.6 kPa


                          ***CAPITAL COSTS (M$)***

         Drilling and completion costs:                     160.00 MUSD
         Drilling and completion costs per well:             40.00 MUSD
         Stimulation costs:                                   3.02 MUSD
         Surface power plant costs:                          44.32 MUSD
         Field gathering system costs:                        2.17 MUSD
         Total surface equipment costs:                      46.49 MUSD
         Exploration costs:                                  32.20 MUSD
      Total capital costs:                                  241.71 MUSD
      Annualized capital costs:                              12.09 MUSD


                ***OPERATING AND MAINTENANCE COSTS (M$/yr)***

         Wellfield maintenance costs:                         2.09 MUSD/yr
         Power plant maintenance costs:                       2.08 MUSD/yr
         Water costs:                                         0.06 MUSD/yr
      Total operating and maintenance costs:                  2.01 MUSD/yr


                           ***SURFACE EQUIPMENT SIMULATION RESULTS***

      Initial geofluid availability:                          0.59 MW/(kg/s)
      Maximum Total Electricity Generation:                  30.62 MW
      Average Total Electricity Generation:                  30.23 MW
      Minimum Total Electricity Generation:                  27.85 MW
      Initial Total Electricity Generation:                  27.85 MW
      Maximum Net Electricity Generation:                    30.46 MW
      Average Net Electricity Generation:                    30.07 MW
      Minimum Net Electricity Generation:                    27.69 MW
      Initial Net Electricity Generation:                    27.69 MW
      Average Annual Total Electricity Generation:          237.07 GWh
      Average Annual Net Electricity Generation:            235.80 GWh
      Initial pumping power/net installed power:              0.58 %
      Average Pumping Power:                                  0.16 MW

                            ************************************************************
                            *  HEATING, COOLING AND/OR ELECTRICITY PRODUCTION PROFILE  *
                            ************************************************************
  YEAR       THERMAL               GEOFLUID               PUMP               NET               FIRST LAW
             DRAWDOWN             TEMPERATURE             POWER             POWER              EFFICIENCY
                                     (degC)               (MW)              (MW)                  (%)
   1           1.0000                363.18               0.1615           27.6853               21.9373
   2           1.0170                369.35               0.1615           28.9735               22.5145
   3           1.0219                371.14               0.1615           29.3549               22.6838
   4           1.0245                372.08               0.1615           29.5558               22.7726
   5           1.0262                372.70               0.1615           29.6895               22.8316
   6           1.0275                373.16               0.1615           29.7886               22.8753
   7           1.0285                373.52               0.1615           29.8668               22.9098
   8           1.0293                373.82               0.1615           29.9310               22.9380
   9           1.0300                374.07               0.1615           29.9853               22.9619
  10           1.0306                374.28               0.1615           30.0321               22.9825
  11           1.0311                374.47               0.1615           30.0733               23.0006
  12           1.0315                374.64               0.1615           30.1099               23.0167
  13           1.0320                374.79               0.1615           30.1429               23.0311
  14           1.0323                374.93               0.1615           30.1728               23.0443
  15           1.0327                375.05               0.1615           30.2001               23.0563
  16           1.0330                375.17               0.1615           30.2253               23.0673
  17           1.0333                375.27               0.1615           30.2486               23.0775
  18           1.0336                375.37               0.1615           30.2703               23.0870
  19           1.0338                375.47               0.1615           30.2905               23.0959
  20           1.0341                375.55               0.1615           30.3095               23.1042
  21           1.0343                375.63               0.1615           30.3273               23.1120
  22           1.0345                375.71               0.1615           30.3442               23.1194
  23           1.0347                375.78               0.1615           30.3602               23.1264
  24           1.0349                375.85               0.1615           30.3753               23.1330
  25           1.0351                375.92               0.1615           30.3897               23.1393
  26           1.0352                375.98               0.1615           30.4034               23.1453
  27           1.0354                376.04               0.1615           30.4165               23.1511
  28           1.0356                376.10               0.1615           30.4290               23.1565
  29           1.0357                376.15               0.1615           30.4410               23.1618
  30           1.0359                376.20               0.1615           30.4525               23.1668


                              *******************************************************************
                              *  ANNUAL HEATING, COOLING AND/OR ELECTRICITY PRODUCTION PROFILE  *
                              *******************************************************************
  YEAR             ELECTRICITY                   HEAT                RESERVOIR            PERCENTAGE OF
                    PROVIDED                   EXTRACTED            HEAT CONTENT        TOTAL HEAT MINED
                   (GWh/year)                  (GWh/year)            (10^15 J)                 (%)
   1                 223.9                      1005.8                927.88                   0.39
   2                 230.1                      1017.8                924.21                   0.78
   3                 232.3                      1021.9                920.54                   1.18
   4                 233.6                      1024.3                916.85                   1.57
   5                 234.5                      1026.0                913.16                   1.97
   6                 235.2                      1027.3                909.46                   2.37
   7                 235.7                      1028.3                905.76                   2.76
   8                 236.2                      1029.2                902.05                   3.16
   9                 236.6                      1029.9                898.34                   3.56
  10                 236.9                      1030.5                894.63                   3.96
  11                 237.2                      1031.1                890.92                   4.36
  12                 237.5                      1031.6                887.21                   4.76
  13                 237.8                      1032.1                883.49                   5.15
  14                 238.0                      1032.5                879.77                   5.55
  15                 238.2                      1032.9                876.06                   5.95
  16                 238.4                      1033.2                872.34                   6.35
  17                 238.6                      1033.5                868.62                   6.75
  18                 238.7                      1033.8                864.89                   7.15
  19                 238.9                      1034.1                861.17                   7.55
  20                 239.0                      1034.4                857.45                   7.95
  21                 239.2                      1034.7                853.72                   8.35
  22                 239.3                      1034.9                850.00                   8.75
  23                 239.4                      1035.1                846.27                   9.15
  24                 239.5                      1035.3                842.54                   9.55
  25                 239.6                      1035.5                838.82                   9.95
  26                 239.8                      1035.7                835.09                  10.35
  27                 239.9                      1035.9                831.36                  10.75
  28                 240.0                      1036.1                827.63                  11.15
  29                 240.0                      1036.3                823.90                  11.55
  30                 200.1                       863.7                820.79                  11.89


                             ********************************
                             *  REVENUE & CASHFLOW PROFILE  *
                             ********************************
Year            Electricity             |            Heat                  |           Cooling                 |         Carbon                    |          Project
Since     Price   Ann. Rev.  Cumm. Rev. |   Price   Ann. Rev.   Cumm. Rev. |  Price   Ann. Rev.   Cumm. Rev.   |   Price   Ann. Rev.   Cumm. Rev.  | OPEX    Net Rev.      Net Cashflow
Start    (cents/kWh)(MUSD/yr) (MUSD)    |(cents/kWh) (MUSD/yr)    (MUSD)   |(cents/kWh) (MUSD/yr)    (MUSD)    |(USD/tonne) (MUSD/yr)    (MUSD)    |(MUSD/yr) (MUSD/yr)    (MUSD)
________________________________________________________________________________________________________________________________________________________________________________________
  1      0.00          -241.71   0.00     |    0.00     0.00         0.00    |    0.00     0.00         0.00     |    0.00     0.00         0.00     |  0.00     -241.71     -241.71
  2      6.00          11.42  13.43     |    2.50     0.00         0.00    |    2.50     0.00         0.00     |    0.00     0.00         0.00     |  2.01     11.42     -230.29
  3      6.00          11.79  27.24     |    2.50     0.00         0.00    |    2.50     0.00         0.00     |    0.00     0.00         0.00     |  2.01     11.79     -218.50
  4      7.20          14.71  43.97     |    2.50     0.00         0.00    |    2.50     0.00         0.00     |    0.00     0.00         0.00     |  2.01     14.71     -203.79
  5      8.40          17.61  63.59     |    2.50     0.00         0.00    |    2.50     0.00         0.00     |    0.00     0.00         0.00     |  2.01     17.61     -186.18
  6      9.60          20.50  86.10     |    2.50     0.00         0.00    |    2.50     0.00         0.00     |    0.00     0.00         0.00     |  2.01     20.50     -165.69
  7     10.00          21.50  109.61     |    2.50     0.00         0.00    |    2.50     0.00         0.00     |    0.00     0.00         0.00     |  2.01     21.50     -144.19
  8     10.00          21.56  133.19     |    2.50     0.00         0.00    |    2.50     0.00         0.00     |    0.00     0.00         0.00     |  2.01     21.56     -122.63
  9     10.00          21.60  156.81     |    2.50     0.00         0.00    |    2.50     0.00         0.00     |    0.00     0.00         0.00     |  2.01     21.60     -101.02
 10     10.00          21.64  180.46     |    2.50     0.00         0.00    |    2.50     0.00         0.00     |    0.00     0.00         0.00     |  2.01     21.64     -79.38
 11     10.00          21.68  204.16     |    2.50     0.00         0.00    |    2.50     0.00         0.00     |    0.00     0.00         0.00     |  2.01     21.68     -57.70
 12     10.00          21.71  227.88     |    2.50     0.00         0.00    |    2.50     0.00         0.00     |    0.00     0.00         0.00     |  2.01     21.71     -35.99
 13     10.00          21.74  251.64     |    2.50     0.00         0.00    |    2.50     0.00         0.00     |    0.00     0.00         0.00     |  2.01     21.74     -14.25
 14     10.00          21.76  275.41     |    2.50     0.00         0.00    |    2.50     0.00         0.00     |    0.00     0.00         0.00     |  2.01     21.76      7.51
 15     10.00          21.78  299.21     |    2.50     0.00         0.00    |    2.50     0.00         0.00     |    0.00     0.00         0.00     |  2.01     21.78     29.29
 16     10.00          21.81  323.03     |    2.50     0.00         0.00    |    2.50     0.00         0.00     |    0.00     0.00         0.00     |  2.01     21.81     51.10
 17     10.00          21.82  346.87     |    2.50     0.00         0.00    |    2.50     0.00         0.00     |    0.00     0.00         0.00     |  2.01     21.82     72.92
 18     10.00          21.84  370.73     |    2.50     0.00         0.00    |    2.50     0.00         0.00     |    0.00     0.00         0.00     |  2.01     21.84     94.76
 19     10.00          21.86  394.60     |    2.50     0.00         0.00    |    2.50     0.00         0.00     |    0.00     0.00         0.00     |  2.01     21.86     116.62
 20     10.00          21.87  418.49     |    2.50     0.00         0.00    |    2.50     0.00         0.00     |    0.00     0.00         0.00     |  2.01     21.87     138.50
 21     10.00          21.89  442.39     |    2.50     0.00         0.00    |    2.50     0.00         0.00     |    0.00     0.00         0.00     |  2.01     21.89     160.38
 22     10.00          21.90  466.31     |    2.50     0.00         0.00    |    2.50     0.00         0.00     |    0.00     0.00         0.00     |  2.01     21.90     182.29
 23     10.00          21.91  490.24     |    2.50     0.00         0.00    |    2.50     0.00         0.00     |    0.00     0.00         0.00     |  2.01     21.91     204.20
 24     10.00          21.93  514.18     |    2.50     0.00         0.00    |    2.50     0.00         0.00     |    0.00     0.00         0.00     |  2.01     21.93     226.13
 25     10.00          21.94  538.13     |    2.50     0.00         0.00    |    2.50     0.00         0.00     |    0.00     0.00         0.00     |  2.01     21.94     248.07
 26     10.00          21.95  562.10     |    2.50     0.00         0.00    |    2.50     0.00         0.00     |    0.00     0.00         0.00     |  2.01     21.95     270.02
 27     10.00          21.96  586.07     |    2.50     0.00         0.00    |    2.50     0.00         0.00     |    0.00     0.00         0.00     |  2.01     21.96     291.98
 28     10.00          21.97  610.06     |    2.50     0.00         0.00    |    2.50     0.00         0.00     |    0.00     0.00         0.00     |  2.01     21.97     313.95
 29     10.00          21.98  634.05     |    2.50     0.00         0.00    |    2.50     0.00         0.00     |    0.00     0.00         0.00     |  2.01     21.98     335.93
 30     10.00          21.99  658.06     |    2.50     0.00         0.00    |    2.50     0.00         0.00     |    0.00     0.00         0.00     |  2.01     21.99     357.92
