                               *****************
                               ***CASE REPORT***
                               *****************

Simulation Metadata
----------------------
 GEOPHIRES Version: 3.4.29
 Simulation Date: 2024-08-13
 Simulation Time:  10:52
 Calculation Time:      0.454 sec

                           ***SUMMARY OF RESULTS***

      End-Use Option: Direct-Use Heat
      Surface Application: Absorption Chiller
      Average Direct-Use Heat Production:                     8.19 MW
      Average Cooling Production:                             5.31 MW
      Direct-Use Cooling Breakeven Price (LCOC):              18.47 USD/MMBTU
      Number of production wells:                             2
      Number of injection wells:                              2
      Flowrate per production well:                          50.0 kg/sec
      Well depth:                                             2.1 kilometer
      Geothermal gradient:                                    0.0450 degC/m


                           ***ECONOMIC PARAMETERS***

      Economic Model = Standard Levelized Cost
      Interest Rate:                                          5.00
      Accrued financing during construction:                  5.00
      Project lifetime:                                      30 yr
      Capacity factor:                                       90.0 %
      Project NPV:                                          -0.24 MUSD
      Project IRR:                                           6.17 %
      Project VIR=PI=PIR:                                    0.99
      Project MOIC:                                          0.74
      Project Payback Period:                               14.27 yr

                          ***ENGINEERING PARAMETERS***

      Number of Production Wells:                             2
      Number of Injection Wells:                              2
      Well depth:                                             2.1 kilometer
      Water loss rate:                                        2.0
      Pump efficiency:                                       80.0
      Injection temperature:                                 83.0 degC
      User-provided production well temperature drop
      Constant production well temperature drop:              5.0 degC
      Flowrate per production well:                          50.0 kg/sec
      Injection well casing ID:                               8.500 in
      Production well casing ID:                              8.500 in
      Number of times redrilling:                             0


                         ***RESOURCE CHARACTERISTICS***

      Maximum reservoir temperature:                        400.0 degC
      Number of segments:                                     1
      Geothermal gradient:                                    0.0450 degC/m


                           ***RESERVOIR PARAMETERS***

      Reservoir Model = Single Fracture m/A Thermal Drawdown Model
      m/A Drawdown Parameter:                                 0.00002 1/year
      Bottom-hole temperature:                              109.50 degC
      Reservoir volume calculated with fracture separation and number of fractures as input
      Number of fractures:                                   12.00
      Fracture separation:                                   80.00 meter
      Reservoir volume:                               176000000 m**3
      Reservoir hydrostatic pressure:                         21909.16 kPa
      Plant outlet pressure:                                416.74 kPa
      Production wellhead pressure:                         485.69 kPa
      Productivity Index:                                    10.00 kg/sec/bar
      Injectivity Index:                                      5.00 kg/sec/bar
      Reservoir density:                                   3000.00 kg/m**3
      Reservoir thermal conductivity:                         3.00 W/m/K
      Reservoir heat capacity:                             1000.00 J/kg/K


                           ***RESERVOIR SIMULATION RESULTS***

      Maximum Production Temperature:                       104.5 degC
      Average Production Temperature:                       103.9 degC
      Minimum Production Temperature:                       102.4 degC
      Initial Production Temperature:                       104.5 degC
      Average Reservoir Heat Extraction:                      8.19 MW
      Wellbore Heat Transmission Model = Constant Temperature Drop:       5.0 degC
      Average Injection Well Pump Pressure Drop:           2161.1 kPa
      Average Production Well Pump Pressure Drop:          -579.1 kPa


                          ***CAPITAL COSTS (M$)***

         Drilling and completion costs:                      13.91 MUSD
         Drilling and completion costs per well:              3.48 MUSD
         Stimulation costs:                                   3.02 MUSD
         Surface power plant costs:                           6.45 MUSD
            of which Absorption Chiller Cost:                 3.74 MUSD
         Field gathering system costs:                        2.30 MUSD
         Total surface equipment costs:                       8.76 MUSD
         Exploration costs:                                   3.98 MUSD
      Total capital costs:                                   29.66 MUSD


                ***OPERATING AND MAINTENANCE COSTS (M$/yr)***

         Wellfield maintenance costs:                         0.23 MUSD/yr
         Power plant maintenance costs:                       0.24 MUSD/yr
         Water costs:                                         0.05 MUSD/yr
         Average Reservoir Pumping Cost:                      0.15 MUSD/yr
         Absorption Chiller O&M Cost:                         0.07 MUSD/yr
      Total operating and maintenance costs:                  0.73 MUSD/yr


                           ***SURFACE EQUIPMENT SIMULATION RESULTS***

      Maximum Net Heat Production:                            8.43 MW
      Average Net Heat Production:                            8.19 MW
      Minimum Net Heat Production:                            7.61 MW
      Initial Net Heat Production:                            8.43 MW
      Average Annual Heat Production:                        64.37 GWh
      Maximum Cooling Production:                             5.46 MW
      Average Cooling Production:                             5.31 MW
      Minimum Cooling Production:                             4.93 MW
      Initial Cooling Production:                             5.46 MW
      Average Annual Cooling Production:                     41.71 GWh/year
      Average Pumping Power:                                  0.28 MW

                            ************************************************************
                            *  HEATING, COOLING AND/OR ELECTRICITY PRODUCTION PROFILE  *
                            ************************************************************
  YEAR         THERMAL              GEOFLUID               PUMP               NET              NET
               DRAWDOWN            TEMPERATURE             POWER              HEAT             COOLING
                                    (deg C)                (MWe)              (MWt)            (MWt)
   0            1.0000               104.50                0.2767             8.4299           5.4626
   1            1.0000               104.50                0.2767             8.4299           5.4626
   2            1.0000               104.50                0.2767             8.4299           5.4626
   3            1.0000               104.50                0.2767             8.4299           5.4626
   4            1.0000               104.50                0.2767             8.4299           5.4626
   5            1.0000               104.50                0.2767             8.4297           5.4625
   6            1.0000               104.50                0.2767             8.4290           5.4620
   7            0.9999               104.49                0.2767             8.4270           5.4607
   8            0.9998               104.48                0.2767             8.4229           5.4580
   9            0.9997               104.46                0.2767             8.4159           5.4535
  10            0.9994               104.44                0.2767             8.4054           5.4467
  11            0.9991               104.40                0.2767             8.3911           5.4374
  12            0.9986               104.35                0.2767             8.3728           5.4256
  13            0.9981               104.30                0.2767             8.3505           5.4111
  14            0.9974               104.23                0.2767             8.3244           5.3942
  15            0.9967               104.16                0.2767             8.2947           5.3749
  16            0.9959               104.07                0.2767             8.2616           5.3535
  17            0.9950               103.98                0.2767             8.2256           5.3302
  18            0.9941               103.88                0.2767             8.1869           5.3051
  19            0.9931               103.78                0.2767             8.1458           5.2785
  20            0.9920               103.67                0.2767             8.1026           5.2505
  21            0.9909               103.55                0.2767             8.0576           5.2213
  22            0.9898               103.43                0.2767             8.0111           5.1912
  23            0.9886               103.31                0.2767             7.9633           5.1602
  24            0.9874               103.19                0.2767             7.9144           5.1285
  25            0.9862               103.06                0.2767             7.8647           5.0963
  26            0.9850               102.93                0.2767             7.8142           5.0636
  27            0.9837               102.80                0.2767             7.7632           5.0305
  28            0.9825               102.67                0.2767             7.7118           4.9972
  29            0.9812               102.54                0.2767             7.6601           4.9637


                              *******************************************************************
                              *  ANNUAL HEATING, COOLING AND/OR ELECTRICITY PRODUCTION PROFILE  *
                              *******************************************************************
  YEAR              COOLING                 HEAT                RESERVOIR            PERCENTAGE OF
                    PROVIDED              EXTRACTED            HEAT CONTENT        TOTAL HEAT MINED
                   (GWh/year)             (GWh/year)            (10^15 J)                 (%)
   1                  43.1                   66.5                 13.75                   1.71
   2                  43.1                   66.5                 13.51                   3.42
   3                  43.1                   66.5                 13.27                   5.13
   4                  43.1                   66.5                 13.03                   6.84
   5                  43.1                   66.5                 12.80                   8.55
   6                  43.1                   66.5                 12.56                  10.26
   7                  43.1                   66.4                 12.32                  11.97
   8                  43.0                   66.4                 12.08                  13.68
   9                  43.0                   66.4                 11.84                  15.39
  10                  43.0                   66.3                 11.60                  17.09
  11                  42.9                   66.2                 11.36                  18.80
  12                  42.8                   66.1                 11.12                  20.50
  13                  42.7                   65.9                 10.89                  22.19
  14                  42.6                   65.7                 10.65                  23.88
  15                  42.5                   65.5                 10.41                  25.57
  16                  42.3                   65.3                 10.18                  27.25
  17                  42.1                   65.0                  9.95                  28.92
  18                  41.9                   64.7                  9.71                  30.59
  19                  41.7                   64.4                  9.48                  32.24
  20                  41.5                   64.1                  9.25                  33.89
  21                  41.3                   63.7                  9.02                  35.53
  22                  41.0                   63.3                  8.79                  37.16
  23                  40.8                   63.0                  8.57                  38.78
  24                  40.6                   62.6                  8.34                  40.39
  25                  40.3                   62.2                  8.12                  41.99
  26                  40.1                   61.8                  7.89                  43.58
  27                  39.8                   61.4                  7.67                  45.16
  28                  39.5                   61.0                  7.45                  46.73
  29                  39.3                   60.6                  7.24                  48.29
  30                  35.1                   54.2                  7.04                  49.68


                             ********************************
                             *  REVENUE & CASHFLOW PROFILE  *
                             ********************************
Year            Electricity             |            Heat                  |           Cooling                 |         Carbon                    |          Project
Since     Price   Ann. Rev.  Cumm. Rev. |   Price   Ann. Rev.   Cumm. Rev. |  Price   Ann. Rev.   Cumm. Rev.   |   Price   Ann. Rev.   Cumm. Rev.  | OPEX    Net Rev.      Net Cashflow
Start    (cents/kWh)(MUSD/yr) (MUSD)    |(cents/kWh) (MUSD/yr)    (MUSD)   |(cents/kWh) (MUSD/yr)    (MUSD)    |(USD/tonne) (MUSD/yr)    (MUSD)    |(MUSD/yr) (MUSD/yr)    (MUSD)
________________________________________________________________________________________________________________________________________________________________________________________
  1      0.00           0.00   0.00     |    0.00     0.00         0.00    |    0.00    -29.66         0.00     |    0.00     0.00         0.00     |  0.00     -29.66     -29.66
  2      5.50           0.00   0.00     |    6.55     0.00         0.00    |    6.55     2.24         2.82     |    0.00     0.00         0.00     |  0.58      2.24     -27.42
  3      5.50           0.00   0.00     |    6.55     0.00         0.00    |    6.55     2.24         5.64     |    0.00     0.00         0.00     |  0.58      2.24     -25.18
  4      5.50           0.00   0.00     |    6.55     0.00         0.00    |    6.55     2.24         8.46     |    0.00     0.00         0.00     |  0.58      2.24     -22.94
  5      5.50           0.00   0.00     |    6.55     0.00         0.00    |    6.55     2.24        11.28     |    0.00     0.00         0.00     |  0.58      2.24     -20.70
  6      5.50           0.00   0.00     |    6.55     0.00         0.00    |    6.55     2.24        14.10     |    0.00     0.00         0.00     |  0.58      2.24     -18.46
  7      5.50           0.00   0.00     |    6.55     0.00         0.00    |    6.55     2.24        16.93     |    0.00     0.00         0.00     |  0.58      2.24     -16.22
  8      5.50           0.00   0.00     |    6.55     0.00         0.00    |    6.55     2.24        19.75     |    0.00     0.00         0.00     |  0.58      2.24     -13.98
  9      5.50           0.00   0.00     |    6.55     0.00         0.00    |    6.55     2.24        22.56     |    0.00     0.00         0.00     |  0.58      2.24     -11.74
 10      5.50           0.00   0.00     |    6.55     0.00         0.00    |    6.55     2.24        25.38     |    0.00     0.00         0.00     |  0.58      2.24     -9.50
 11      5.50           0.00   0.00     |    6.55     0.00         0.00    |    6.55     2.23        28.20     |    0.00     0.00         0.00     |  0.58      2.23     -7.27
 12      5.50           0.00   0.00     |    6.55     0.00         0.00    |    6.55     2.23        31.01     |    0.00     0.00         0.00     |  0.58      2.23     -5.04
 13      5.50           0.00   0.00     |    6.55     0.00         0.00    |    6.55     2.22        33.81     |    0.00     0.00         0.00     |  0.58      2.22     -2.81
 14      5.50           0.00   0.00     |    6.55     0.00         0.00    |    6.55     2.22        36.61     |    0.00     0.00         0.00     |  0.58      2.22     -0.59
 15      5.50           0.00   0.00     |    6.55     0.00         0.00    |    6.55     2.21        39.40     |    0.00     0.00         0.00     |  0.58      2.21      1.62
 16      5.50           0.00   0.00     |    6.55     0.00         0.00    |    6.55     2.20        42.18     |    0.00     0.00         0.00     |  0.58      2.20      3.82
 17      5.50           0.00   0.00     |    6.55     0.00         0.00    |    6.55     2.19        44.95     |    0.00     0.00         0.00     |  0.58      2.19      6.01
 18      5.50           0.00   0.00     |    6.55     0.00         0.00    |    6.55     2.18        47.71     |    0.00     0.00         0.00     |  0.58      2.18      8.19
 19      5.50           0.00   0.00     |    6.55     0.00         0.00    |    6.55     2.17        50.46     |    0.00     0.00         0.00     |  0.58      2.17     10.35
 20      5.50           0.00   0.00     |    6.55     0.00         0.00    |    6.55     2.15        53.19     |    0.00     0.00         0.00     |  0.58      2.15     12.51
 21      5.50           0.00   0.00     |    6.55     0.00         0.00    |    6.55     2.14        55.91     |    0.00     0.00         0.00     |  0.58      2.14     14.65
 22      5.50           0.00   0.00     |    6.55     0.00         0.00    |    6.55     2.12        58.61     |    0.00     0.00         0.00     |  0.58      2.12     16.77
 23      5.50           0.00   0.00     |    6.55     0.00         0.00    |    6.55     2.11        61.30     |    0.00     0.00         0.00     |  0.58      2.11     18.88
 24      5.50           0.00   0.00     |    6.55     0.00         0.00    |    6.55     2.09        63.97     |    0.00     0.00         0.00     |  0.58      2.09     20.97
 25      5.50           0.00   0.00     |    6.55     0.00         0.00    |    6.55     2.08        66.63     |    0.00     0.00         0.00     |  0.58      2.08     23.05
 26      5.50           0.00   0.00     |    6.55     0.00         0.00    |    6.55     2.06        69.27     |    0.00     0.00         0.00     |  0.58      2.06     25.11
 27      5.50           0.00   0.00     |    6.55     0.00         0.00    |    6.55     2.04        71.89     |    0.00     0.00         0.00     |  0.58      2.04     27.15
 28      5.50           0.00   0.00     |    6.55     0.00         0.00    |    6.55     2.03        74.50     |    0.00     0.00         0.00     |  0.58      2.03     29.18
 29      5.50           0.00   0.00     |    6.55     0.00         0.00    |    6.55     2.01        77.09     |    0.00     0.00         0.00     |  0.58      2.01     31.19
 30      5.50           0.00   0.00     |    6.55     0.00         0.00    |    6.55     1.99        79.66     |    0.00     0.00         0.00     |  0.58      1.99     33.18
