                               *****************
                               ***CASE REPORT***
                               *****************

Simulation Metadata
----------------------
 GEOPHIRES Version: 3.4.29
 Simulation Date: 2024-08-13
 Simulation Time:  10:50
 Calculation Time:      0.206 sec

                           ***SUMMARY OF RESULTS***

      End-Use Option: Direct-Use Heat
      Average Direct-Use Heat Production:                    18.16 MW
      Direct-Use heat breakeven price (LCOH):                  9.50 USD/MMBTU
      Number of production wells:                             2
      Number of injection wells:                              2
      Flowrate per production well:                          50.0 kg/sec
      Well depth:                                             3.0 kilometer
      Geothermal gradient:                                    0.0450 degC/m


                           ***ECONOMIC PARAMETERS***

      Economic Model  = BICYCLE
      Accrued financing during construction:                  0.00
      Project lifetime:                                      30 yr
      Capacity factor:                                       90.0 %
      Project NPV:                                          -4.50 MUSD
      Project IRR:                                           5.00 %
      Project VIR=PI=PIR:                                    0.89
      Project MOIC:                                          0.42
      Project Payback Period:                               14.57 yr

                          ***ENGINEERING PARAMETERS***

      Number of Production Wells:                             2
      Number of Injection Wells:                              2
      Well depth:                                             3.0 kilometer
      Water loss rate:                                        2.0
      Pump efficiency:                                       80.0
      Injection temperature:                                 80.0 degC
      Production Wellbore heat transmission calculated with Ramey's model
      Average production well temperature drop:               2.9 degC
      Flowrate per production well:                          50.0 kg/sec
      Injection well casing ID:                               9.625 in
      Production well casing ID:                              9.625 in
      Number of times redrilling:                             0


                         ***RESOURCE CHARACTERISTICS***

      Maximum reservoir temperature:                        375.0 degC
      Number of segments:                                     1
      Geothermal gradient:                                    0.0450 degC/m


                           ***RESERVOIR PARAMETERS***

      Reservoir Model = User-Provided Temperature Profile Model
      Bottom-hole temperature:                              150.00 degC
      Warning: the reservoir dimensions and thermo-physical properties
               listed below are default values if not provided by the user.
               They are only used for calculating remaining heat content.
      Reservoir volume provided as input
      Reservoir volume:                              1000000000 m**3
      Reservoir impedance:                                    0.05 GPa.s/m**3
      Reservoir density:                                   2700.00 kg/m**3
      Reservoir thermal conductivity:                         3.00 W/m/K
      Reservoir heat capacity:                             1050.00 J/kg/K


                           ***RESERVOIR SIMULATION RESULTS***

      Maximum Production Temperature:                       145.6 degC
      Average Production Temperature:                       132.3 degC
      Minimum Production Temperature:                       119.0 degC
      Initial Production Temperature:                       144.4 degC
      Average Reservoir Heat Extraction:                     20.18 MW
      Production Wellbore Heat Transmission Model = Ramey Model
      Average Production Well Temperature Drop:               2.9 degC
      Total Average Pressure Drop:                         4981.5 kPa
      Average Injection Well Pressure Drop:                 121.0 kPa
      Average Reservoir Pressure Drop:                     4742.3 kPa
      Average Production Well Pressure Drop:                118.6 kPa
      Average Buoyancy Pressure Drop:                        -0.4 kPa


                          ***CAPITAL COSTS (M$)***

         Drilling and completion costs:                      21.95 MUSD
         Drilling and completion costs per well:              5.49 MUSD
         Stimulation costs:                                   3.02 MUSD
         Surface power plant costs:                           8.15 MUSD
         Field gathering system costs:                        2.47 MUSD
         Total surface equipment costs:                      10.63 MUSD
         Exploration costs:                                   5.53 MUSD
      Total capital costs:                                   41.12 MUSD


                ***OPERATING AND MAINTENANCE COSTS (M$/yr)***

         Wellfield maintenance costs:                         0.42 MUSD/yr
         Power plant maintenance costs:                       0.66 MUSD/yr
         Water costs:                                         0.05 MUSD/yr
         Average Reservoir Pumping Cost:                      0.35 MUSD/yr
      Total operating and maintenance costs:                  1.48 MUSD/yr


                           ***SURFACE EQUIPMENT SIMULATION RESULTS***

      Maximum Net Heat Production:                           22.79 MW
      Average Net Heat Production:                           18.16 MW
      Minimum Net Heat Production:                           13.52 MW
      Initial Net Heat Production:                           22.35 MW
      Average Annual Heat Production:                       141.99 GWh
      Average Pumping Power:                                  0.63 MW

                            ************************************************************
                            *  HEATING, COOLING AND/OR ELECTRICITY PRODUCTION PROFILE  *
                            ************************************************************
  YEAR       THERMAL               GEOFLUID               PUMP               NET
             DRAWDOWN             TEMPERATURE             POWER              HEAT
                                   (deg C)                (MW)               (MW)
   0           1.0000                144.38               0.6326           22.3494
   1           1.0064                145.30               0.6326           22.6704
   2           1.0086                145.62               0.6326           22.7822
   3           1.0079                145.52               0.6326           22.7472
   4           1.0041                144.96               0.6326           22.5525
   5           0.9976                144.03               0.6326           22.2292
   6           0.9895                142.86               0.6326           21.8219
   7           0.9804                141.55               0.6325           21.3674
   8           0.9709                140.18               0.6325           20.8911
   9           0.9613                138.79               0.6325           20.4096
  10           0.9518                137.42               0.6325           19.9331
  11           0.9425                136.08               0.6325           19.4680
  12           0.9335                134.78               0.6325           19.0177
  13           0.9249                133.53               0.6325           18.5842
  14           0.9166                132.33               0.6325           18.1681
  15           0.9086                131.19               0.6325           17.7697
  16           0.9010                130.09               0.6324           17.3885
  17           0.8938                129.04               0.6324           17.0241
  18           0.8868                128.03               0.6324           16.6757
  19           0.8802                127.07               0.6324           16.3425
  20           0.8738                126.16               0.6324           16.0238
  21           0.8677                125.28               0.6324           15.7186
  22           0.8619                124.44               0.6324           15.4264
  23           0.8563                123.63               0.6324           15.1463
  24           0.8509                122.86               0.6324           14.8776
  25           0.8458                122.11               0.6324           14.6196
  26           0.8408                121.40               0.6324           14.3717
  27           0.8361                120.71               0.6324           14.1333
  28           0.8315                120.05               0.6324           13.9040
  29           0.8271                119.41               0.6324           13.6830


                              *******************************************************************
                              *  ANNUAL HEATING, COOLING AND/OR ELECTRICITY PRODUCTION PROFILE  *
                              *******************************************************************
  YEAR               HEAT                       HEAT                RESERVOIR            PERCENTAGE OF
                    PROVIDED                   EXTRACTED            HEAT CONTENT        TOTAL HEAT MINED
                   (GWh/year)                  (GWh/year)            (10^15 J)                 (%)
   1                 177.4                       197.1                197.74                   0.36
   2                 179.3                       199.2                197.02                   0.72
   3                 179.6                       199.5                196.31                   1.08
   4                 178.7                       198.5                195.59                   1.44
   5                 176.6                       196.2                194.88                   1.80
   6                 173.7                       193.0                194.19                   2.15
   7                 170.3                       189.2                193.51                   2.49
   8                 166.6                       185.1                192.84                   2.83
   9                 162.8                       180.9                192.19                   3.15
  10                 159.0                       176.7                191.55                   3.47
  11                 155.3                       172.6                190.93                   3.79
  12                 151.7                       168.6                190.33                   4.09
  13                 148.2                       164.7                189.73                   4.39
  14                 144.9                       161.0                189.15                   4.68
  15                 141.7                       157.4                188.59                   4.97
  16                 138.6                       154.0                188.03                   5.25
  17                 135.6                       150.7                187.49                   5.52
  18                 132.8                       147.6                186.96                   5.79
  19                 130.1                       144.6                186.44                   6.05
  20                 127.6                       141.8                185.93                   6.31
  21                 125.1                       139.0                185.43                   6.56
  22                 122.8                       136.4                184.94                   6.81
  23                 120.5                       133.9                184.45                   7.05
  24                 118.3                       131.5                183.98                   7.29
  25                 116.3                       129.2                183.52                   7.53
  26                 114.3                       127.0                183.06                   7.76
  27                 112.4                       124.8                182.61                   7.98
  28                 110.5                       122.8                182.17                   8.20
  29                 108.7                       120.8                181.73                   8.42
  30                  80.4                        89.4                181.41                   8.59


                             ********************************
                             *  REVENUE & CASHFLOW PROFILE  *
                             ********************************
Year            Electricity             |            Heat                  |           Cooling                 |         Carbon                    |          Project
Since     Price   Ann. Rev.  Cumm. Rev. |   Price   Ann. Rev.   Cumm. Rev. |  Price   Ann. Rev.   Cumm. Rev.   |   Price   Ann. Rev.   Cumm. Rev.  | OPEX    Net Rev.      Net Cashflow
Start    (cents/kWh)(MUSD/yr) (MUSD)    |(cents/kWh) (MUSD/yr)    (MUSD)   |(cents/kWh) (MUSD/yr)    (MUSD)    |(USD/tonne) (MUSD/yr)    (MUSD)    |(MUSD/yr) (MUSD/yr)    (MUSD)
________________________________________________________________________________________________________________________________________________________________________________________
  1      0.00           0.00   0.00     |    0.00    -41.12         0.00    |    0.00     0.00         0.00     |    0.00     0.00         0.00     |  0.00     -41.12     -41.12
  2      5.50           0.00   0.00     |    2.50     3.30         4.43    |    2.50     0.00         0.00     |    0.00     0.00         0.00     |  1.14      3.30     -37.82
  3      5.50           0.00   0.00     |    2.50     3.35         8.92    |    2.50     0.00         0.00     |    0.00     0.00         0.00     |  1.14      3.35     -34.47
  4      5.50           0.00   0.00     |    2.50     3.35        13.41    |    2.50     0.00         0.00     |    0.00     0.00         0.00     |  1.14      3.35     -31.12
  5      5.50           0.00   0.00     |    2.50     3.33        17.87    |    2.50     0.00         0.00     |    0.00     0.00         0.00     |  1.14      3.33     -27.79
  6      5.50           0.00   0.00     |    2.50     3.28        22.29    |    2.50     0.00         0.00     |    0.00     0.00         0.00     |  1.14      3.28     -24.51
  7      5.50           0.00   0.00     |    2.50     3.21        26.63    |    2.50     0.00         0.00     |    0.00     0.00         0.00     |  1.14      3.21     -21.30
  8      5.50           0.00   0.00     |    2.50     3.12        30.89    |    2.50     0.00         0.00     |    0.00     0.00         0.00     |  1.14      3.12     -18.18
  9      5.50           0.00   0.00     |    2.50     3.03        35.05    |    2.50     0.00         0.00     |    0.00     0.00         0.00     |  1.14      3.03     -15.15
 10      5.50           0.00   0.00     |    2.50     2.93        39.12    |    2.50     0.00         0.00     |    0.00     0.00         0.00     |  1.14      2.93     -12.22
 11      5.50           0.00   0.00     |    2.50     2.84        43.10    |    2.50     0.00         0.00     |    0.00     0.00         0.00     |  1.14      2.84     -9.38
 12      5.50           0.00   0.00     |    2.50     2.75        46.98    |    2.50     0.00         0.00     |    0.00     0.00         0.00     |  1.14      2.75     -6.63
 13      5.50           0.00   0.00     |    2.50     2.66        50.77    |    2.50     0.00         0.00     |    0.00     0.00         0.00     |  1.14      2.66     -3.98
 14      5.50           0.00   0.00     |    2.50     2.57        54.48    |    2.50     0.00         0.00     |    0.00     0.00         0.00     |  1.14      2.57     -1.41
 15      5.50           0.00   0.00     |    2.50     2.49        58.10    |    2.50     0.00         0.00     |    0.00     0.00         0.00     |  1.14      2.49      1.08
 16      5.50           0.00   0.00     |    2.50     2.41        61.64    |    2.50     0.00         0.00     |    0.00     0.00         0.00     |  1.14      2.41      3.49
 17      5.50           0.00   0.00     |    2.50     2.33        65.10    |    2.50     0.00         0.00     |    0.00     0.00         0.00     |  1.14      2.33      5.82
 18      5.50           0.00   0.00     |    2.50     2.26        68.50    |    2.50     0.00         0.00     |    0.00     0.00         0.00     |  1.14      2.26      8.07
 19      5.50           0.00   0.00     |    2.50     2.19        71.82    |    2.50     0.00         0.00     |    0.00     0.00         0.00     |  1.14      2.19     10.26
 20      5.50           0.00   0.00     |    2.50     2.12        75.07    |    2.50     0.00         0.00     |    0.00     0.00         0.00     |  1.14      2.12     12.37
 21      5.50           0.00   0.00     |    2.50     2.05        78.26    |    2.50     0.00         0.00     |    0.00     0.00         0.00     |  1.14      2.05     14.43
 22      5.50           0.00   0.00     |    2.50     1.99        81.39    |    2.50     0.00         0.00     |    0.00     0.00         0.00     |  1.14      1.99     16.42
 23      5.50           0.00   0.00     |    2.50     1.93        84.46    |    2.50     0.00         0.00     |    0.00     0.00         0.00     |  1.14      1.93     18.35
 24      5.50           0.00   0.00     |    2.50     1.88        87.47    |    2.50     0.00         0.00     |    0.00     0.00         0.00     |  1.14      1.88     20.23
 25      5.50           0.00   0.00     |    2.50     1.82        90.43    |    2.50     0.00         0.00     |    0.00     0.00         0.00     |  1.14      1.82     22.05
 26      5.50           0.00   0.00     |    2.50     1.77        93.34    |    2.50     0.00         0.00     |    0.00     0.00         0.00     |  1.14      1.77     23.83
 27      5.50           0.00   0.00     |    2.50     1.72        96.19    |    2.50     0.00         0.00     |    0.00     0.00         0.00     |  1.14      1.72     25.55
 28      5.50           0.00   0.00     |    2.50     1.67        99.00    |    2.50     0.00         0.00     |    0.00     0.00         0.00     |  1.14      1.67     27.22
 29      5.50           0.00   0.00     |    2.50     1.63        101.76    |    2.50     0.00         0.00     |    0.00     0.00         0.00     |  1.14      1.63     28.85
 30      5.50           0.00   0.00     |    2.50     1.58        104.48    |    2.50     0.00         0.00     |    0.00     0.00         0.00     |  1.14      1.58     30.43
