                               *****************
                               ***CASE REPORT***
                               *****************

Simulation Metadata
----------------------
 GEOPHIRES Version: 3.4.29
 Simulation Date: 2024-08-13
 Simulation Time:  10:51
 Calculation Time:      1.826 sec

                           ***SUMMARY OF RESULTS***

      End-Use Option: Direct-Use Heat
      Average Direct-Use Heat Production:                     9.04 MW
      Direct-Use heat breakeven price (LCOH):                  9.66 USD/MMBTU
      Number of production wells:                             1
      Number of injection wells:                              1
      Flowrate per production well:                          40.0 kg/sec
      Well depth:                                             2.8 kilometer
      Geothermal gradient:                                    0.0280 degC/m


                           ***ECONOMIC PARAMETERS***

      Economic Model = Fixed Charge Rate (FCR)
      Fixed Charge Rate (FCR):                                5.00
      Accrued financing during construction:                  0.00
      Project lifetime:                                      30 yr
      Capacity factor:                                       60.0 %
      Project NPV:                                         -10.94 MUSD
      Project IRR:                                           0.39 %
      Project VIR=PI=PIR:                                    0.48
      Project MOIC:                                          0.04
      Project Payback Period:                               28.91 yr

                          ***ENGINEERING PARAMETERS***

      Number of Production Wells:                             1
      Number of Injection Wells:                              1
      Well depth:                                             2.8 kilometer
      Water loss rate:                                        2.0
      Pump efficiency:                                       80.0
      Injection temperature:                                 30.0 degC
      Production Wellbore heat transmission calculated with Ramey's model
      Average production well temperature drop:               2.2 degC
      Flowrate per production well:                          40.0 kg/sec
      Injection well casing ID:                               7.000 in
      Production well casing ID:                              7.000 in
      Number of times redrilling:                             0


                         ***RESOURCE CHARACTERISTICS***

      Maximum reservoir temperature:                        400.0 degC
      Number of segments:                                     1
      Geothermal gradient:                                    0.0280 degC/m


                           ***RESERVOIR PARAMETERS***

      Reservoir Model = Multiple Parallel Fractures Model
      Bottom-hole temperature:                               98.40 degC
      Fracture model = Square
      Well separation: fracture height:                     700.00 meter
      Fracture area:                                     490000.00 m**2
      Reservoir volume calculated with fracture separation and number of fractures as input
      Number of fractures:                                    5.00
      Fracture separation:                                  100.00 meter
      Reservoir volume:                               196000000 m**3
      Reservoir impedance:                                    0.05 GPa.s/m**3
      Reservoir density:                                   2730.00 kg/m**3
      Reservoir thermal conductivity:                         2.83 W/m/K
      Reservoir heat capacity:                              825.00 J/kg/K


                           ***RESERVOIR SIMULATION RESULTS***

      Maximum Production Temperature:                        96.1 degC
      Average Production Temperature:                        94.9 degC
      Minimum Production Temperature:                        92.0 degC
      Initial Production Temperature:                        94.8 degC
      Average Reservoir Heat Extraction:                     10.04 MW
      Production Wellbore Heat Transmission Model = Ramey Model
      Average Production Well Temperature Drop:               2.2 degC
      Total Average Pressure Drop:                         2600.7 kPa
      Average Injection Well Pressure Drop:                 379.7 kPa
      Average Reservoir Pressure Drop:                     1857.8 kPa
      Average Production Well Pressure Drop:                363.5 kPa
      Average Buoyancy Pressure Drop:                        -0.3 kPa


                          ***CAPITAL COSTS (M$)***

         Drilling and completion costs:                       9.99 MUSD
         Drilling and completion costs per well:              5.00 MUSD
         Stimulation costs:                                   1.51 MUSD
         Surface power plant costs:                           3.29 MUSD
         Field gathering system costs:                        1.18 MUSD
         Total surface equipment costs:                       4.47 MUSD
         Exploration costs:                                   5.15 MUSD
      Total capital costs:                                   21.12 MUSD
      Annualized capital costs:                               1.06 MUSD


                ***OPERATING AND MAINTENANCE COSTS (M$/yr)***

         Wellfield maintenance costs:                         0.18 MUSD/yr
         Power plant maintenance costs:                       0.24 MUSD/yr
         Water costs:                                         0.01 MUSD/yr
         Average Reservoir Pumping Cost:                      0.07 MUSD/yr
      Total operating and maintenance costs:                  0.50 MUSD/yr


                           ***SURFACE EQUIPMENT SIMULATION RESULTS***

      Maximum Net Heat Production:                            9.20 MW
      Average Net Heat Production:                            9.04 MW
      Minimum Net Heat Production:                            8.63 MW
      Initial Net Heat Production:                            9.03 MW
      Average Annual Heat Production:                        47.26 GWh
      Average Pumping Power:                                  0.13 MW

                            ************************************************************
                            *  HEATING, COOLING AND/OR ELECTRICITY PRODUCTION PROFILE  *
                            ************************************************************
  YEAR       THERMAL               GEOFLUID               PUMP               NET
             DRAWDOWN             TEMPERATURE             POWER              HEAT
                                   (deg C)                (MW)               (MW)
   0           1.0000                 94.82               0.1292            9.0261
   1           1.0076                 95.55               0.1292            9.1269
   2           1.0098                 95.76               0.1292            9.1558
   3           1.0110                 95.86               0.1292            9.1708
   4           1.0117                 95.93               0.1292            9.1807
   5           1.0123                 95.99               0.1292            9.1880
   6           1.0127                 96.03               0.1292            9.1934
   7           1.0130                 96.05               0.1292            9.1972
   8           1.0131                 96.07               0.1292            9.1990
   9           1.0131                 96.06               0.1292            9.1986
  10           1.0128                 96.04               0.1292            9.1955
  11           1.0124                 96.00               0.1292            9.1894
  12           1.0117                 95.93               0.1292            9.1803
  13           1.0107                 95.84               0.1292            9.1680
  14           1.0096                 95.73               0.1292            9.1526
  15           1.0082                 95.60               0.1292            9.1342
  16           1.0066                 95.45               0.1292            9.1130
  17           1.0048                 95.28               0.1292            9.0891
  18           1.0028                 95.09               0.1292            9.0629
  19           1.0006                 94.88               0.1292            9.0343
  20           0.9983                 94.66               0.1292            9.0038
  21           0.9959                 94.43               0.1292            8.9714
  22           0.9933                 94.19               0.1292            8.9374
  23           0.9906                 93.93               0.1292            8.9018
  24           0.9878                 93.67               0.1292            8.8649
  25           0.9849                 93.39               0.1292            8.8267
  26           0.9819                 93.11               0.1292            8.7874
  27           0.9789                 92.82               0.1292            8.7469
  28           0.9757                 92.52               0.1292            8.7055
  29           0.9725                 92.22               0.1292            8.6632


                              *******************************************************************
                              *  ANNUAL HEATING, COOLING AND/OR ELECTRICITY PRODUCTION PROFILE  *
                              *******************************************************************
  YEAR               HEAT                       HEAT                RESERVOIR            PERCENTAGE OF
                    PROVIDED                   EXTRACTED            HEAT CONTENT        TOTAL HEAT MINED
                   (GWh/year)                  (GWh/year)            (10^15 J)                 (%)
   1                  47.7                        53.0                 30.00                   0.63
   2                  48.1                        53.4                 29.81                   1.27
   3                  48.2                        53.5                 29.62                   1.91
   4                  48.2                        53.6                 29.43                   2.55
   5                  48.3                        53.6                 29.23                   3.19
   6                  48.3                        53.7                 29.04                   3.83
   7                  48.3                        53.7                 28.85                   4.47
   8                  48.3                        53.7                 28.65                   5.11
   9                  48.3                        53.7                 28.46                   5.75
  10                  48.3                        53.7                 28.27                   6.39
  11                  48.3                        53.7                 28.07                   7.03
  12                  48.3                        53.6                 27.88                   7.67
  13                  48.2                        53.6                 27.69                   8.31
  14                  48.1                        53.5                 27.49                   8.94
  15                  48.1                        53.4                 27.30                   9.58
  16                  48.0                        53.3                 27.11                  10.22
  17                  47.8                        53.2                 26.92                  10.85
  18                  47.7                        53.0                 26.73                  11.48
  19                  47.6                        52.8                 26.54                  12.11
  20                  47.4                        52.7                 26.35                  12.74
  21                  47.2                        52.5                 26.16                  13.36
  22                  47.1                        52.3                 25.97                  13.99
  23                  46.9                        52.1                 25.78                  14.61
  24                  46.7                        51.9                 25.60                  15.23
  25                  46.5                        51.7                 25.41                  15.84
  26                  46.3                        51.4                 25.23                  16.46
  27                  46.1                        51.2                 25.04                  17.07
  28                  45.9                        51.0                 24.86                  17.68
  29                  45.6                        50.7                 24.68                  18.28
  30                  37.9                        42.1                 24.52                  18.78


                             ********************************
                             *  REVENUE & CASHFLOW PROFILE  *
                             ********************************
Year            Electricity             |            Heat                  |           Cooling                 |         Carbon                    |          Project
Since     Price   Ann. Rev.  Cumm. Rev. |   Price   Ann. Rev.   Cumm. Rev. |  Price   Ann. Rev.   Cumm. Rev.   |   Price   Ann. Rev.   Cumm. Rev.  | OPEX    Net Rev.      Net Cashflow
Start    (cents/kWh)(MUSD/yr) (MUSD)    |(cents/kWh) (MUSD/yr)    (MUSD)   |(cents/kWh) (MUSD/yr)    (MUSD)    |(USD/tonne) (MUSD/yr)    (MUSD)    |(MUSD/yr) (MUSD/yr)    (MUSD)
________________________________________________________________________________________________________________________________________________________________________________________
  1      0.00           0.00   0.00     |    0.00    -21.12         0.00    |    0.00     0.00         0.00     |    0.00     0.00         0.00     |  0.00     -21.12     -21.12
  2      5.50           0.00   0.00     |    2.50     0.76         1.19    |    2.50     0.00         0.00     |    0.00     0.00         0.00     |  0.43      0.76     -20.36
  3      5.50           0.00   0.00     |    2.50     0.77         2.39    |    2.50     0.00         0.00     |    0.00     0.00         0.00     |  0.43      0.77     -19.59
  4      5.50           0.00   0.00     |    2.50     0.77         3.60    |    2.50     0.00         0.00     |    0.00     0.00         0.00     |  0.43      0.77     -18.82
  5      5.50           0.00   0.00     |    2.50     0.77         4.80    |    2.50     0.00         0.00     |    0.00     0.00         0.00     |  0.43      0.77     -18.05
  6      5.50           0.00   0.00     |    2.50     0.77         6.01    |    2.50     0.00         0.00     |    0.00     0.00         0.00     |  0.43      0.77     -17.28
  7      5.50           0.00   0.00     |    2.50     0.77         7.22    |    2.50     0.00         0.00     |    0.00     0.00         0.00     |  0.43      0.77     -16.51
  8      5.50           0.00   0.00     |    2.50     0.77         8.43    |    2.50     0.00         0.00     |    0.00     0.00         0.00     |  0.43      0.77     -15.73
  9      5.50           0.00   0.00     |    2.50     0.77         9.64    |    2.50     0.00         0.00     |    0.00     0.00         0.00     |  0.43      0.77     -14.96
 10      5.50           0.00   0.00     |    2.50     0.77        10.84    |    2.50     0.00         0.00     |    0.00     0.00         0.00     |  0.43      0.77     -14.19
 11      5.50           0.00   0.00     |    2.50     0.77        12.05    |    2.50     0.00         0.00     |    0.00     0.00         0.00     |  0.43      0.77     -13.41
 12      5.50           0.00   0.00     |    2.50     0.77        13.26    |    2.50     0.00         0.00     |    0.00     0.00         0.00     |  0.43      0.77     -12.64
 13      5.50           0.00   0.00     |    2.50     0.77        14.47    |    2.50     0.00         0.00     |    0.00     0.00         0.00     |  0.43      0.77     -11.87
 14      5.50           0.00   0.00     |    2.50     0.77        15.67    |    2.50     0.00         0.00     |    0.00     0.00         0.00     |  0.43      0.77     -11.10
 15      5.50           0.00   0.00     |    2.50     0.77        16.88    |    2.50     0.00         0.00     |    0.00     0.00         0.00     |  0.43      0.77     -10.33
 16      5.50           0.00   0.00     |    2.50     0.77        18.08    |    2.50     0.00         0.00     |    0.00     0.00         0.00     |  0.43      0.77     -9.56
 17      5.50           0.00   0.00     |    2.50     0.76        19.28    |    2.50     0.00         0.00     |    0.00     0.00         0.00     |  0.43      0.76     -8.80
 18      5.50           0.00   0.00     |    2.50     0.76        20.47    |    2.50     0.00         0.00     |    0.00     0.00         0.00     |  0.43      0.76     -8.03
 19      5.50           0.00   0.00     |    2.50     0.76        21.67    |    2.50     0.00         0.00     |    0.00     0.00         0.00     |  0.43      0.76     -7.28
 20      5.50           0.00   0.00     |    2.50     0.75        22.86    |    2.50     0.00         0.00     |    0.00     0.00         0.00     |  0.43      0.75     -6.52
 21      5.50           0.00   0.00     |    2.50     0.75        24.04    |    2.50     0.00         0.00     |    0.00     0.00         0.00     |  0.43      0.75     -5.77
 22      5.50           0.00   0.00     |    2.50     0.75        25.22    |    2.50     0.00         0.00     |    0.00     0.00         0.00     |  0.43      0.75     -5.03
 23      5.50           0.00   0.00     |    2.50     0.74        26.40    |    2.50     0.00         0.00     |    0.00     0.00         0.00     |  0.43      0.74     -4.28
 24      5.50           0.00   0.00     |    2.50     0.74        27.57    |    2.50     0.00         0.00     |    0.00     0.00         0.00     |  0.43      0.74     -3.55
 25      5.50           0.00   0.00     |    2.50     0.73        28.74    |    2.50     0.00         0.00     |    0.00     0.00         0.00     |  0.43      0.73     -2.81
 26      5.50           0.00   0.00     |    2.50     0.73        29.90    |    2.50     0.00         0.00     |    0.00     0.00         0.00     |  0.43      0.73     -2.09
 27      5.50           0.00   0.00     |    2.50     0.72        31.06    |    2.50     0.00         0.00     |    0.00     0.00         0.00     |  0.43      0.72     -1.36
 28      5.50           0.00   0.00     |    2.50     0.72        32.21    |    2.50     0.00         0.00     |    0.00     0.00         0.00     |  0.43      0.72     -0.65
 29      5.50           0.00   0.00     |    2.50     0.71        33.36    |    2.50     0.00         0.00     |    0.00     0.00         0.00     |  0.43      0.71      0.07
 30      5.50           0.00   0.00     |    2.50     0.71        34.50    |    2.50     0.00         0.00     |    0.00     0.00         0.00     |  0.43      0.71      0.77
