                               *****************
                               ***CASE REPORT***
                               *****************

Simulation Metadata
----------------------
 GEOPHIRES Version: 3.4.29
 Simulation Date: 2024-08-13
 Simulation Time:  10:43
 Calculation Time:      0.425 sec

                           ***SUMMARY OF RESULTS***

      End-Use Option: Direct-Use Heat
      Surface Application: Heat Pump
      Average Direct-Use Heat Production:                    16.05 MW
      Direct-Use heat breakeven price (LCOH):                 14.76 USD/MMBTU
      Number of production wells:                             2
      Number of injection wells:                              2
      Flowrate per production well:                          70.0 kg/sec
      Well depth:                                             2.1 kilometer
      Geothermal gradient:                                    0.0450 degC/m


                           ***ECONOMIC PARAMETERS***

      Economic Model = Standard Levelized Cost
      Interest Rate:                                          5.00
      Accrued financing during construction:                  5.00
      Project lifetime:                                      30 yr
      Capacity factor:                                       90.0 %
      Project NPV:                                           3.88 MUSD
      Project IRR:                                           7.44 %
      Project VIR=PI=PIR:                                    1.13
      Project MOIC:                                          0.92
      Project Payback Period:                               12.68 yr

                          ***ENGINEERING PARAMETERS***

      Number of Production Wells:                             2
      Number of Injection Wells:                              2
      Well depth:                                             2.1 kilometer
      Water loss rate:                                        2.0
      Pump efficiency:                                       80.0
      Injection temperature:                                 83.0 degC
      User-provided production well temperature drop
      Constant production well temperature drop:              5.0 degC
      Flowrate per production well:                          70.0 kg/sec
      Injection well casing ID:                               8.500 in
      Production well casing ID:                              8.500 in
      Number of times redrilling:                             0


                         ***RESOURCE CHARACTERISTICS***

      Maximum reservoir temperature:                        400.0 degC
      Number of segments:                                     1
      Geothermal gradient:                                    0.0450 degC/m


                           ***RESERVOIR PARAMETERS***

      Reservoir Model = Single Fracture m/A Thermal Drawdown Model
      m/A Drawdown Parameter:                                 0.00002 1/year
      Bottom-hole temperature:                              109.50 degC
      Reservoir volume calculated with fracture separation and number of fractures as input
      Number of fractures:                                   12.00
      Fracture separation:                                   80.00 meter
      Reservoir volume:                               176000000 m**3
      Reservoir hydrostatic pressure:                         21909.16 kPa
      Plant outlet pressure:                                416.74 kPa
      Production wellhead pressure:                         485.69 kPa
      Productivity Index:                                    10.00 kg/sec/bar
      Injectivity Index:                                      5.00 kg/sec/bar
      Reservoir density:                                   3000.00 kg/m**3
      Reservoir thermal conductivity:                         3.00 W/m/K
      Reservoir heat capacity:                             1000.00 J/kg/K


                           ***RESERVOIR SIMULATION RESULTS***

      Maximum Production Temperature:                       104.5 degC
      Average Production Temperature:                       103.9 degC
      Minimum Production Temperature:                       102.4 degC
      Initial Production Temperature:                       104.5 degC
      Average Reservoir Heat Extraction:                     11.47 MW
      Wellbore Heat Transmission Model = Constant Temperature Drop:       5.0 degC
      Average Injection Well Pump Pressure Drop:           2721.1 kPa
      Average Production Well Pump Pressure Drop:          -231.2 kPa


                          ***CAPITAL COSTS (M$)***

         Drilling and completion costs:                      13.91 MUSD
         Drilling and completion costs per well:              3.48 MUSD
         Stimulation costs:                                   3.02 MUSD
         Surface power plant costs:                           7.54 MUSD
            of which Heat Pump Cost:                          3.74 MUSD
         Field gathering system costs:                        2.44 MUSD
         Total surface equipment costs:                       9.98 MUSD
         Exploration costs:                                   3.98 MUSD
      Total capital costs:                                   30.88 MUSD


                ***OPERATING AND MAINTENANCE COSTS (M$/yr)***

         Wellfield maintenance costs:                         0.23 MUSD/yr
         Power plant maintenance costs:                       0.31 MUSD/yr
         Water costs:                                         0.07 MUSD/yr
         Average Reservoir Pumping Cost:                      0.27 MUSD/yr
         Average Heat Pump Electricity Cost:                  3.50 MUSD/yr
      Total operating and maintenance costs:                  4.38 MUSD/yr


                           ***SURFACE EQUIPMENT SIMULATION RESULTS***

      Maximum Net Heat Production:                           16.52 MW
      Average Net Heat Production:                           16.05 MW
      Minimum Net Heat Production:                           14.92 MW
      Initial Net Heat Production:                           16.52 MW
      Average Annual Heat Production:                       126.16 GWh
      Average Annual Heat Pump Electricity Use:              50.06 GWh/year
      Average Pumping Power:                                  0.49 MW

                            ************************************************************
                            *  HEATING, COOLING AND/OR ELECTRICITY PRODUCTION PROFILE  *
                            ************************************************************
  YEAR         THERMAL              GEOFLUID               PUMP               NET             HEAT PUMP
               DRAWDOWN            TEMPERATURE             POWER              HEAT         ELECTRICITY USE
                                    (deg C)                (MWe)              (MWt)             (MWe)
   0            1.0000               104.50                0.4878            16.5226            6.5566
   1            1.0000               104.50                0.4878            16.5226            6.5566
   2            1.0000               104.50                0.4878            16.5226            6.5566
   3            1.0000               104.50                0.4878            16.5226            6.5566
   4            1.0000               104.50                0.4878            16.5225            6.5566
   5            1.0000               104.50                0.4878            16.5222            6.5564
   6            1.0000               104.50                0.4878            16.5208            6.5559
   7            0.9999               104.49                0.4878            16.5169            6.5543
   8            0.9998               104.48                0.4878            16.5089            6.5511
   9            0.9997               104.46                0.4878            16.4952            6.5457
  10            0.9994               104.44                0.4878            16.4746            6.5376
  11            0.9991               104.40                0.4878            16.4466            6.5264
  12            0.9986               104.35                0.4878            16.4107            6.5122
  13            0.9981               104.30                0.4878            16.3670            6.4948
  14            0.9974               104.23                0.4878            16.3158            6.4745
  15            0.9967               104.16                0.4878            16.2576            6.4514
  16            0.9959               104.07                0.4878            16.1928            6.4257
  17            0.9950               103.98                0.4878            16.1222            6.3977
  18            0.9941               103.88                0.4878            16.0463            6.3676
  19            0.9931               103.78                0.4878            15.9657            6.3356
  20            0.9920               103.67                0.4878            15.8811            6.3020
  21            0.9909               103.55                0.4878            15.7929            6.2670
  22            0.9898               103.43                0.4878            15.7018            6.2309
  23            0.9886               103.31                0.4878            15.6081            6.1937
  24            0.9874               103.19                0.4878            15.5123            6.1557
  25            0.9862               103.06                0.4878            15.4147            6.1170
  26            0.9850               102.93                0.4878            15.3158            6.0777
  27            0.9837               102.80                0.4878            15.2158            6.0380
  28            0.9825               102.67                0.4878            15.1151            5.9980
  29            0.9812               102.54                0.4878            15.0137            5.9578


                              *******************************************************************
                              *  ANNUAL HEATING, COOLING AND/OR ELECTRICITY PRODUCTION PROFILE  *
                              *******************************************************************
  YEAR              HEATING             RESERVOIR HEAT          HEAT PUMP          RESERVOIR           PERCENTAGE OF
                    PROVIDED              EXTRACTED          ELECTRICITY USE      HEAT CONTENT        TOTAL HEAT MINED
                   (GWh/year)             (GWh/year)           (GWh/year)           (10^15 J)                (%)
   1                 130.3                   93.0                51.69                13.66                  2.39
   2                 130.3                   93.0                51.69                13.32                  4.79
   3                 130.3                   93.0                51.69                12.99                  7.18
   4                 130.3                   93.0                51.69                12.65                  9.58
   5                 130.3                   93.0                51.69                12.32                 11.97
   6                 130.3                   93.0                51.69                11.98                 14.36
   7                 130.2                   93.0                51.68                11.65                 16.76
   8                 130.2                   93.0                51.66                11.31                 19.15
   9                 130.1                   92.9                51.63                10.98                 21.54
  10                 130.0                   92.8                51.58                10.64                 23.93
  11                 129.8                   92.7                51.50                10.31                 26.31
  12                 129.5                   92.5                51.40                 9.98                 28.69
  13                 129.2                   92.3                51.28                 9.64                 31.07
  14                 128.8                   92.0                51.13                 9.31                 33.44
  15                 128.4                   91.7                50.96                 8.98                 35.80
  16                 127.9                   91.4                50.76                 8.65                 38.15
  17                 127.4                   91.0                50.55                 8.33                 40.49
  18                 126.8                   90.6                50.32                 8.00                 42.82
  19                 126.2                   90.1                50.08                 7.68                 45.14
  20                 125.5                   89.7                49.82                 7.35                 47.45
  21                 124.9                   89.2                49.55                 7.03                 49.74
  22                 124.2                   88.7                49.27                 6.71                 52.02
  23                 123.4                   88.2                48.98                 6.40                 54.29
  24                 122.7                   87.6                48.68                 6.08                 56.55
  25                 121.9                   87.1                48.38                 5.77                 58.79
  26                 121.1                   86.5                48.07                 5.46                 61.01
  27                 120.4                   86.0                47.76                 5.15                 63.22
  28                 119.6                   85.4                47.45                 4.84                 65.42
  29                 118.8                   84.8                47.13                 4.53                 67.60
  30                 106.2                   75.9                42.15                 4.26                 69.56


                             ********************************
                             *  REVENUE & CASHFLOW PROFILE  *
                             ********************************
Year            Electricity             |            Heat                  |           Cooling                 |         Carbon                    |          Project
Since     Price   Ann. Rev.  Cumm. Rev. |   Price   Ann. Rev.   Cumm. Rev. |  Price   Ann. Rev.   Cumm. Rev.   |   Price   Ann. Rev.   Cumm. Rev.  | OPEX    Net Rev.      Net Cashflow
Start    (cents/kWh)(MUSD/yr) (MUSD)    |(cents/kWh) (MUSD/yr)    (MUSD)   |(cents/kWh) (MUSD/yr)    (MUSD)    |(USD/tonne) (MUSD/yr)    (MUSD)    |(MUSD/yr) (MUSD/yr)    (MUSD)
________________________________________________________________________________________________________________________________________________________________________________________
  1      0.00           0.00   0.00     |    0.00    -30.88         0.00    |    0.00     0.00         0.00     |    0.00     0.00         0.00     |  0.00     -30.88     -30.88
  2      5.50           0.00   0.00     |    2.50     2.65         3.26    |    2.50     0.00         0.00     |    0.00     0.00         0.00     |  0.61      2.65     -28.23
  3      5.50           0.00   0.00     |    2.50     2.65         6.51    |    2.50     0.00         0.00     |    0.00     0.00         0.00     |  0.61      2.65     -25.59
  4      5.50           0.00   0.00     |    2.50     2.65         9.77    |    2.50     0.00         0.00     |    0.00     0.00         0.00     |  0.61      2.65     -22.94
  5      5.50           0.00   0.00     |    2.50     2.65        13.03    |    2.50     0.00         0.00     |    0.00     0.00         0.00     |  0.61      2.65     -20.29
  6      5.50           0.00   0.00     |    2.50     2.65        16.28    |    2.50     0.00         0.00     |    0.00     0.00         0.00     |  0.61      2.65     -17.65
  7      5.50           0.00   0.00     |    2.50     2.65        19.54    |    2.50     0.00         0.00     |    0.00     0.00         0.00     |  0.61      2.65     -15.00
  8      5.50           0.00   0.00     |    2.50     2.65        22.80    |    2.50     0.00         0.00     |    0.00     0.00         0.00     |  0.61      2.65     -12.35
  9      5.50           0.00   0.00     |    2.50     2.65        26.05    |    2.50     0.00         0.00     |    0.00     0.00         0.00     |  0.61      2.65     -9.71
 10      5.50           0.00   0.00     |    2.50     2.64        29.30    |    2.50     0.00         0.00     |    0.00     0.00         0.00     |  0.61      2.64     -7.06
 11      5.50           0.00   0.00     |    2.50     2.64        32.55    |    2.50     0.00         0.00     |    0.00     0.00         0.00     |  0.61      2.64     -4.43
 12      5.50           0.00   0.00     |    2.50     2.63        35.80    |    2.50     0.00         0.00     |    0.00     0.00         0.00     |  0.61      2.63     -1.79
 13      5.50           0.00   0.00     |    2.50     2.63        39.03    |    2.50     0.00         0.00     |    0.00     0.00         0.00     |  0.61      2.63      0.84
 14      5.50           0.00   0.00     |    2.50     2.62        42.27    |    2.50     0.00         0.00     |    0.00     0.00         0.00     |  0.61      2.62      3.46
 15      5.50           0.00   0.00     |    2.50     2.61        45.49    |    2.50     0.00         0.00     |    0.00     0.00         0.00     |  0.61      2.61      6.07
 16      5.50           0.00   0.00     |    2.50     2.60        48.70    |    2.50     0.00         0.00     |    0.00     0.00         0.00     |  0.61      2.60      8.67
 17      5.50           0.00   0.00     |    2.50     2.59        51.89    |    2.50     0.00         0.00     |    0.00     0.00         0.00     |  0.61      2.59     11.26
 18      5.50           0.00   0.00     |    2.50     2.58        55.08    |    2.50     0.00         0.00     |    0.00     0.00         0.00     |  0.61      2.58     13.83
 19      5.50           0.00   0.00     |    2.50     2.56        58.25    |    2.50     0.00         0.00     |    0.00     0.00         0.00     |  0.61      2.56     16.39
 20      5.50           0.00   0.00     |    2.50     2.55        61.40    |    2.50     0.00         0.00     |    0.00     0.00         0.00     |  0.61      2.55     18.94
 21      5.50           0.00   0.00     |    2.50     2.53        64.54    |    2.50     0.00         0.00     |    0.00     0.00         0.00     |  0.61      2.53     21.47
 22      5.50           0.00   0.00     |    2.50     2.51        67.66    |    2.50     0.00         0.00     |    0.00     0.00         0.00     |  0.61      2.51     23.98
 23      5.50           0.00   0.00     |    2.50     2.49        70.77    |    2.50     0.00         0.00     |    0.00     0.00         0.00     |  0.61      2.49     26.47
 24      5.50           0.00   0.00     |    2.50     2.48        73.85    |    2.50     0.00         0.00     |    0.00     0.00         0.00     |  0.61      2.48     28.95
 25      5.50           0.00   0.00     |    2.50     2.46        76.92    |    2.50     0.00         0.00     |    0.00     0.00         0.00     |  0.61      2.46     31.41
 26      5.50           0.00   0.00     |    2.50     2.44        79.97    |    2.50     0.00         0.00     |    0.00     0.00         0.00     |  0.61      2.44     33.85
 27      5.50           0.00   0.00     |    2.50     2.42        83.00    |    2.50     0.00         0.00     |    0.00     0.00         0.00     |  0.61      2.42     36.27
 28      5.50           0.00   0.00     |    2.50     2.40        86.01    |    2.50     0.00         0.00     |    0.00     0.00         0.00     |  0.61      2.40     38.66
 29      5.50           0.00   0.00     |    2.50     2.38        89.00    |    2.50     0.00         0.00     |    0.00     0.00         0.00     |  0.61      2.38     41.04
 30      5.50           0.00   0.00     |    2.50     2.36        91.96    |    2.50     0.00         0.00     |    0.00     0.00         0.00     |  0.61      2.36     43.40
