                               *****************
                               ***CASE REPORT***
                               *****************

Simulation Metadata
----------------------
 GEOPHIRES Version: 3.4.29
 Simulation Date: 2024-08-13
 Simulation Time:  10:49
 Calculation Time:      0.202 sec

                           ***SUMMARY OF RESULTS***

      End-Use Option: Electricity
      Average Net Electricity Production:                     7.02 MW
      Electricity breakeven price:                           11.23 cents/kWh
      Number of production wells:                             3
      Number of injection wells:                              2
      Flowrate per production well:                         110.0 kg/sec
      Well depth:                                             2.0 kilometer
      Geothermal gradient:                                    0.0650 degC/m


                           ***ECONOMIC PARAMETERS***

      Economic Model  = BICYCLE
      Accrued financing during construction:                  0.00
      Project lifetime:                                      30 yr
      Capacity factor:                                       90.0 %
      Project NPV:                                         -36.83 MUSD
      Project IRR:                                          -2.85 %
      Project VIR=PI=PIR:                                    0.33
      Project MOIC:                                         -0.17
      Project Payback Period:                          N/A

                          ***ENGINEERING PARAMETERS***

      Number of Production Wells:                             3
      Number of Injection Wells:                              2
      Well depth:                                             2.0 kilometer
      Water loss rate:                                        0.0
      Pump efficiency:                                       80.0
      Injection temperature:                                 70.0 degC
      User-provided production well temperature drop
      Constant production well temperature drop:              0.0 degC
      Flowrate per production well:                         110.0 kg/sec
      Injection well casing ID:                               9.625 in
      Production well casing ID:                              9.625 in
      Number of times redrilling:                             0
      Power plant type:                                       Subcritical ORC


                         ***RESOURCE CHARACTERISTICS***

      Maximum reservoir temperature:                        375.0 degC
      Number of segments:                                     1
      Geothermal gradient:                                    0.0650 degC/m


                           ***RESERVOIR PARAMETERS***

      Reservoir Model = Annual Percentage Thermal Drawdown Model
      Annual Thermal Drawdown:                                0.500 1/year
      Bottom-hole temperature:                              145.00 degC
      Warning: the reservoir dimensions and thermo-physical properties
               listed below are default values if not provided by the user.
               They are only used for calculating remaining heat content.
      Reservoir volume provided as input
      Reservoir volume:                              1000000000 m**3
      Reservoir hydrostatic pressure:                         20561.91 kPa
      Plant outlet pressure:                                691.43 kPa
      Production wellhead pressure:                         760.38 kPa
      Productivity Index:                                    10.00 kg/sec/bar
      Injectivity Index:                                     10.00 kg/sec/bar
      Reservoir density:                                   2700.00 kg/m**3
      Reservoir heat capacity:                             1050.00 J/kg/K


                           ***RESERVOIR SIMULATION RESULTS***

      Maximum Production Temperature:                       145.0 degC
      Average Production Temperature:                       139.4 degC
      Minimum Production Temperature:                       133.8 degC
      Initial Production Temperature:                       145.0 degC
      Average Reservoir Heat Extraction:                     90.03 MW
      Wellbore Heat Transmission Model = Constant Temperature Drop:       0.0 degC
      Average Injection Well Pump Pressure Drop:           2728.0 kPa
      Average Production Well Pump Pressure Drop:           372.3 kPa


                          ***CAPITAL COSTS (M$)***

         Drilling and completion costs:                      16.43 MUSD
         Drilling and completion costs per well:              3.29 MUSD
         Stimulation costs:                                   0.00 MUSD
         Surface power plant costs:                          31.58 MUSD
         Field gathering system costs:                        3.55 MUSD
         Total surface equipment costs:                      35.12 MUSD
         Exploration costs:                                   3.83 MUSD
      Total capital costs:                                   55.38 MUSD


                ***OPERATING AND MAINTENANCE COSTS (M$/yr)***

         Wellfield maintenance costs:                         0.48 MUSD/yr
         Power plant maintenance costs:                       1.31 MUSD/yr
         Water costs:                                         0.00 MUSD/yr
      Total operating and maintenance costs:                  1.79 MUSD/yr


                           ***SURFACE EQUIPMENT SIMULATION RESULTS***

      Initial geofluid availability:                          0.10 MW/(kg/s)
      Maximum Total Electricity Generation:                   9.46 MW
      Average Total Electricity Generation:                   8.31 MW
      Minimum Total Electricity Generation:                   7.23 MW
      Initial Total Electricity Generation:                   9.46 MW
      Maximum Net Electricity Generation:                     8.21 MW
      Average Net Electricity Generation:                     7.02 MW
      Minimum Net Electricity Generation:                     5.90 MW
      Initial Net Electricity Generation:                     8.21 MW
      Average Annual Total Electricity Generation:           64.97 GWh
      Average Annual Net Electricity Generation:             54.91 GWh
      Initial pumping power/net installed power:             15.23 %
      Average Pumping Power:                                  1.29 MW

                            ************************************************************
                            *  HEATING, COOLING AND/OR ELECTRICITY PRODUCTION PROFILE  *
                            ************************************************************
  YEAR       THERMAL               GEOFLUID               PUMP               NET               FIRST LAW
             DRAWDOWN             TEMPERATURE             POWER             POWER              EFFICIENCY
                                     (degC)               (MW)              (MW)                  (%)
   1           1.0000                145.00               1.2498            8.2074                8.4329
   2           0.9974                144.62               1.2524            8.1236                8.3890
   3           0.9948                144.24               1.2549            8.0402                8.3452
   4           0.9922                143.87               1.2574            7.9573                8.3014
   5           0.9896                143.49               1.2599            7.8748                8.2577
   6           0.9870                143.11               1.2624            7.7928                8.2139
   7           0.9844                142.73               1.2649            7.7112                8.1702
   8           0.9817                142.35               1.2674            7.6301                8.1265
   9           0.9791                141.97               1.2699            7.5494                8.0828
  10           0.9765                141.60               1.2724            7.4692                8.0391
  11           0.9739                141.22               1.2749            7.3894                7.9955
  12           0.9713                140.84               1.2774            7.3100                7.9518
  13           0.9687                140.46               1.2799            7.2311                7.9082
  14           0.9661                140.08               1.2823            7.1527                7.8646
  15           0.9635                139.71               1.2848            7.0746                7.8210
  16           0.9609                139.33               1.2872            6.9970                7.7774
  17           0.9583                138.95               1.2897            6.9199                7.7339
  18           0.9557                138.57               1.2921            6.8432                7.6903
  19           0.9531                138.19               1.2946            6.7669                7.6467
  20           0.9504                137.82               1.2970            6.6910                7.6032
  21           0.9478                137.44               1.2995            6.6156                7.5596
  22           0.9452                137.06               1.3019            6.5406                7.5161
  23           0.9426                136.68               1.3043            6.4661                7.4726
  24           0.9400                136.30               1.3067            6.3919                7.4290
  25           0.9374                135.92               1.3091            6.3182                7.3855
  26           0.9348                135.55               1.3115            6.2450                7.3419
  27           0.9322                135.17               1.3139            6.1721                7.2984
  28           0.9296                134.79               1.3163            6.0997                7.2549
  29           0.9270                134.41               1.3187            6.0277                7.2113
  30           0.9244                134.03               1.3211            5.9561                7.1678


                              *******************************************************************
                              *  ANNUAL HEATING, COOLING AND/OR ELECTRICITY PRODUCTION PROFILE  *
                              *******************************************************************
  YEAR             ELECTRICITY                   HEAT                RESERVOIR            PERCENTAGE OF
                    PROVIDED                   EXTRACTED            HEAT CONTENT        TOTAL HEAT MINED
                   (GWh/year)                  (GWh/year)            (10^15 J)                 (%)
   1                  64.4                       765.4                209.87                   1.30
   2                  63.7                       761.5                207.13                   2.59
   3                  63.1                       757.7                204.40                   3.87
   4                  62.4                       753.8                201.69                   5.14
   5                  61.8                       749.9                198.99                   6.41
   6                  61.1                       746.0                196.30                   7.68
   7                  60.5                       742.2                193.63                   8.93
   8                  59.8                       738.3                190.97                  10.18
   9                  59.2                       734.4                188.33                  11.43
  10                  58.6                       730.6                185.70                  12.66
  11                  57.9                       726.7                183.08                  13.89
  12                  57.3                       722.8                180.48                  15.12
  13                  56.7                       719.0                177.89                  16.34
  14                  56.1                       715.1                175.32                  17.55
  15                  55.5                       711.2                172.76                  18.75
  16                  54.9                       707.4                170.21                  19.95
  17                  54.3                       703.5                167.68                  21.14
  18                  53.7                       699.6                165.16                  22.32
  19                  53.1                       695.7                162.65                  23.50
  20                  52.5                       691.9                160.16                  24.67
  21                  51.9                       688.0                157.69                  25.84
  22                  51.3                       684.1                155.22                  27.00
  23                  50.7                       680.3                152.77                  28.15
  24                  50.1                       676.4                150.34                  29.29
  25                  49.5                       672.5                147.92                  30.43
  26                  48.9                       668.7                145.51                  31.56
  27                  48.4                       664.8                143.12                  32.69
  28                  47.8                       660.9                140.74                  33.81
  29                  47.2                       657.1                138.37                  34.92
  30                  35.1                       490.3                136.61                  35.75


                             ********************************
                             *  REVENUE & CASHFLOW PROFILE  *
                             ********************************
Year            Electricity             |            Heat                  |           Cooling                 |         Carbon                    |          Project
Since     Price   Ann. Rev.  Cumm. Rev. |   Price   Ann. Rev.   Cumm. Rev. |  Price   Ann. Rev.   Cumm. Rev.   |   Price   Ann. Rev.   Cumm. Rev.  | OPEX    Net Rev.      Net Cashflow
Start    (cents/kWh)(MUSD/yr) (MUSD)    |(cents/kWh) (MUSD/yr)    (MUSD)   |(cents/kWh) (MUSD/yr)    (MUSD)    |(USD/tonne) (MUSD/yr)    (MUSD)    |(MUSD/yr) (MUSD/yr)    (MUSD)
________________________________________________________________________________________________________________________________________________________________________________________
  1      0.00          -55.38   0.00     |    0.00     0.00         0.00    |    0.00     0.00         0.00     |    0.00     0.00         0.00     |  0.00     -55.38     -55.38
  2      5.50           1.75   3.54     |    2.50     0.00         0.00    |    2.50     0.00         0.00     |    0.00     0.00         0.00     |  1.79      1.75     -53.64
  3      5.50           1.71   7.05     |    2.50     0.00         0.00    |    2.50     0.00         0.00     |    0.00     0.00         0.00     |  1.79      1.71     -51.93
  4      5.50           1.67  10.51     |    2.50     0.00         0.00    |    2.50     0.00         0.00     |    0.00     0.00         0.00     |  1.79      1.67     -50.25
  5      5.50           1.64  13.95     |    2.50     0.00         0.00    |    2.50     0.00         0.00     |    0.00     0.00         0.00     |  1.79      1.64     -48.62
  6      5.50           1.60  17.34     |    2.50     0.00         0.00    |    2.50     0.00         0.00     |    0.00     0.00         0.00     |  1.79      1.60     -47.01
  7      5.50           1.57  20.70     |    2.50     0.00         0.00    |    2.50     0.00         0.00     |    0.00     0.00         0.00     |  1.79      1.57     -45.45
  8      5.50           1.53  24.03     |    2.50     0.00         0.00    |    2.50     0.00         0.00     |    0.00     0.00         0.00     |  1.79      1.53     -43.92
  9      5.50           1.50  27.32     |    2.50     0.00         0.00    |    2.50     0.00         0.00     |    0.00     0.00         0.00     |  1.79      1.50     -42.42
 10      5.50           1.46  30.58     |    2.50     0.00         0.00    |    2.50     0.00         0.00     |    0.00     0.00         0.00     |  1.79      1.46     -40.96
 11      5.50           1.43  33.80     |    2.50     0.00         0.00    |    2.50     0.00         0.00     |    0.00     0.00         0.00     |  1.79      1.43     -39.53
 12      5.50           1.39  36.99     |    2.50     0.00         0.00    |    2.50     0.00         0.00     |    0.00     0.00         0.00     |  1.79      1.39     -38.14
 13      5.50           1.36  40.14     |    2.50     0.00         0.00    |    2.50     0.00         0.00     |    0.00     0.00         0.00     |  1.79      1.36     -36.78
 14      5.50           1.32  43.26     |    2.50     0.00         0.00    |    2.50     0.00         0.00     |    0.00     0.00         0.00     |  1.79      1.32     -35.46
 15      5.50           1.29  46.34     |    2.50     0.00         0.00    |    2.50     0.00         0.00     |    0.00     0.00         0.00     |  1.79      1.29     -34.17
 16      5.50           1.26  49.39     |    2.50     0.00         0.00    |    2.50     0.00         0.00     |    0.00     0.00         0.00     |  1.79      1.26     -32.91
 17      5.50           1.22  52.41     |    2.50     0.00         0.00    |    2.50     0.00         0.00     |    0.00     0.00         0.00     |  1.79      1.22     -31.69
 18      5.50           1.19  55.39     |    2.50     0.00         0.00    |    2.50     0.00         0.00     |    0.00     0.00         0.00     |  1.79      1.19     -30.50
 19      5.50           1.16  58.34     |    2.50     0.00         0.00    |    2.50     0.00         0.00     |    0.00     0.00         0.00     |  1.79      1.16     -29.34
 20      5.50           1.12  61.26     |    2.50     0.00         0.00    |    2.50     0.00         0.00     |    0.00     0.00         0.00     |  1.79      1.12     -28.22
 21      5.50           1.09  64.15     |    2.50     0.00         0.00    |    2.50     0.00         0.00     |    0.00     0.00         0.00     |  1.79      1.09     -27.13
 22      5.50           1.06  67.00     |    2.50     0.00         0.00    |    2.50     0.00         0.00     |    0.00     0.00         0.00     |  1.79      1.06     -26.07
 23      5.50           1.03  69.82     |    2.50     0.00         0.00    |    2.50     0.00         0.00     |    0.00     0.00         0.00     |  1.79      1.03     -25.05
 24      5.50           0.99  72.61     |    2.50     0.00         0.00    |    2.50     0.00         0.00     |    0.00     0.00         0.00     |  1.79      0.99     -24.05
 25      5.50           0.96  75.36     |    2.50     0.00         0.00    |    2.50     0.00         0.00     |    0.00     0.00         0.00     |  1.79      0.96     -23.09
 26      5.50           0.93  78.09     |    2.50     0.00         0.00    |    2.50     0.00         0.00     |    0.00     0.00         0.00     |  1.79      0.93     -22.16
 27      5.50           0.90  80.78     |    2.50     0.00         0.00    |    2.50     0.00         0.00     |    0.00     0.00         0.00     |  1.79      0.90     -21.27
 28      5.50           0.87  83.44     |    2.50     0.00         0.00    |    2.50     0.00         0.00     |    0.00     0.00         0.00     |  1.79      0.87     -20.40
 29      5.50           0.83  86.07     |    2.50     0.00         0.00    |    2.50     0.00         0.00     |    0.00     0.00         0.00     |  1.79      0.83     -19.57
 30      5.50           0.80  88.67     |    2.50     0.00         0.00    |    2.50     0.00         0.00     |    0.00     0.00         0.00     |  1.79      0.80     -18.76
