                               *****************
                               ***CASE REPORT***
                               *****************

Simulation Metadata
----------------------
 GEOPHIRES Version: 3.4.29
 Simulation Date: 2024-08-13
 Simulation Time:  10:49
 Calculation Time:      0.514 sec

                           ***SUMMARY OF RESULTS***

      End-Use Option: Cogeneration Topping Cycle, Heat sales considered as extra income
      Average Net Electricity Production:                    19.41 MW
      Average Direct-Use Heat Production:                    10.10 MW
      Electricity breakeven price:                            6.50 cents/kWh
      Direct-Use heat breakeven price (LCOH):                 2.33 USD/MMBTU
      Number of production wells:                             3
      Number of injection wells:                              3
      Flowrate per production well:                          70.0 kg/sec
      Well depth:                                             3.1 kilometer
      Geothermal gradient:                                    0.0700 degC/m


                           ***ECONOMIC PARAMETERS***

      Economic Model  = BICYCLE
      Accrued financing during construction:                  5.00
      Project lifetime:                                      35 yr
      Capacity factor:                                       90.0 %
      Project NPV:                                          -6.38 MUSD
      Project IRR:                                           5.73 %
      Project VIR=PI=PIR:                                    0.94
      Project MOIC:                                          0.62
      Project Payback Period:                               15.45 yr
      CHP: Percent cost allocation for electrical plant:      94.00%

                          ***ENGINEERING PARAMETERS***

      Number of Production Wells:                             3
      Number of Injection Wells:                              3
      Well depth:                                             3.1 kilometer
      Water loss rate:                                        2.0
      Pump efficiency:                                       80.0
      Injection temperature:                                 73.0 degC
      User-provided production well temperature drop
      Constant production well temperature drop:              5.0 degC
      Flowrate per production well:                          70.0 kg/sec
      Injection well casing ID:                               8.500 in
      Production well casing ID:                              8.500 in
      Number of times redrilling:                             0
      Power plant type:                                       Double-Flash


                         ***RESOURCE CHARACTERISTICS***

      Maximum reservoir temperature:                        400.0 degC
      Number of segments:                                     1
      Geothermal gradient:                                    0.0700 degC/m


                           ***RESERVOIR PARAMETERS***

      Reservoir Model = Single Fracture m/A Thermal Drawdown Model
      m/A Drawdown Parameter:                                 0.00002 1/year
      Bottom-hole temperature:                              232.00 degC
      Reservoir volume calculated with fracture separation and number of fractures as input
      Number of fractures:                                   12.00
      Fracture separation:                                   80.00 meter
      Reservoir volume:                               176000000 m**3
      Reservoir hydrostatic pressure:                         31732.91 kPa
      Plant outlet pressure:                                100.00 kPa
      Injectivity Index:                                      5.00 kg/sec/bar
      Reservoir density:                                   3000.00 kg/m**3
      Reservoir thermal conductivity:                         3.00 W/m/K
      Reservoir heat capacity:                             1000.00 J/kg/K


                           ***RESERVOIR SIMULATION RESULTS***

      Maximum Production Temperature:                       227.0 degC
      Average Production Temperature:                       222.2 degC
      Minimum Production Temperature:                       211.5 degC
      Initial Production Temperature:                       227.0 degC
      Average Reservoir Heat Extraction:                    120.73 MW
      Wellbore Heat Transmission Model = Constant Temperature Drop:       5.0 degC
      Average Injection Well Pump Pressure Drop:           2725.7 kPa


                          ***CAPITAL COSTS (M$)***

         Drilling and completion costs:                      34.45 MUSD
         Drilling and completion costs per well:              5.74 MUSD
         Stimulation costs:                                   4.53 MUSD
         Surface power plant costs:                          63.69 MUSD
         Field gathering system costs:                        3.48 MUSD
         Total surface equipment costs:                      67.18 MUSD
         Exploration costs:                                   5.72 MUSD
      Total capital costs:                                  111.88 MUSD


                ***OPERATING AND MAINTENANCE COSTS (M$/yr)***

         Wellfield maintenance costs:                         0.82 MUSD/yr
         Power plant maintenance costs:                       2.27 MUSD/yr
         Water costs:                                         0.11 MUSD/yr
      Total operating and maintenance costs:                  3.19 MUSD/yr


                           ***SURFACE EQUIPMENT SIMULATION RESULTS***

      Initial geofluid availability:                          0.23 MW/(kg/s)
      Maximum Total Electricity Generation:                  21.16 MW
      Average Total Electricity Generation:                  20.13 MW
      Minimum Total Electricity Generation:                  17.92 MW
      Initial Total Electricity Generation:                  21.16 MW
      Maximum Net Electricity Generation:                    20.44 MW
      Average Net Electricity Generation:                    19.41 MW
      Minimum Net Electricity Generation:                    17.19 MW
      Initial Net Electricity Generation:                    20.44 MW
      Average Annual Total Electricity Generation:          158.30 GWh
      Average Annual Net Electricity Generation:            152.63 GWh
      Initial pumping power/net installed power:              3.53 %
      Maximum Net Heat Production:                           10.69 MW
      Average Net Heat Production:                           10.10 MW
      Minimum Net Heat Production:                            8.74 MW
      Initial Net Heat Production:                           10.69 MW
      Average Annual Heat Production:                        79.39 GWh
      Average Pumping Power:                                  0.72 MW

                            ************************************************************
                            *  HEATING, COOLING AND/OR ELECTRICITY PRODUCTION PROFILE  *
                            ************************************************************
  YEAR     THERMAL             GEOFLUID             PUMP             NET              NET             FIRST LAW
           DRAWDOWN           TEMPERATURE           POWER           POWER             HEAT            EFFICIENCY
                                (deg C)             (MW)            (MW)              (MW)               (%)
   0         1.0000              227.00             0.7208         20.4400             10.6866              18.1271
   1         1.0000              227.00             0.7208         20.4400             10.6866              18.1271
   2         1.0000              227.00             0.7208         20.4400             10.6866              18.1271
   3         1.0000              227.00             0.7208         20.4400             10.6866              18.1271
   4         1.0000              227.00             0.7208         20.4399             10.6866              18.1271
   5         1.0000              227.00             0.7208         20.4395             10.6864              18.1269
   6         1.0000              226.99             0.7208         20.4377             10.6854              18.1262
   7         0.9998              226.97             0.7208         20.4324             10.6826              18.1241
   8         0.9996              226.91             0.7208         20.4212             10.6766              18.1198
   9         0.9992              226.82             0.7208         20.4015             10.6661              18.1121
  10         0.9986              226.69             0.7208         20.3714             10.6501              18.1004
  11         0.9978              226.50             0.7208         20.3297             10.6278              18.0841
  12         0.9967              226.25             0.7208         20.2756             10.5988              18.0630
  13         0.9954              225.95             0.7208         20.2092             10.5630              18.0370
  14         0.9938              225.59             0.7208         20.1308             10.5205              18.0063
  15         0.9919              225.17             0.7208         20.0410             10.4716              17.9710
  16         0.9899              224.71             0.7208         19.9408             10.4166              17.9315
  17         0.9877              224.20             0.7208         19.8311             10.3559              17.8881
  18         0.9853              223.65             0.7208         19.7128             10.2900              17.8412
  19         0.9827              223.07             0.7208         19.5872             10.2194              17.7911
  20         0.9800              222.45             0.7208         19.4550             10.1444              17.7382
  21         0.9771              221.80             0.7208         19.3174             10.0655              17.6829
  22         0.9741              221.13             0.7208         19.1751              9.9831              17.6255
  23         0.9711              220.44             0.7208         19.0290              9.8976              17.5663
  24         0.9680              219.73             0.7208         18.8797              9.8093              17.5055
  25         0.9648              219.01             0.7208         18.7281              9.7187              17.4434
  26         0.9615              218.27             0.7208         18.5745              9.6259              17.3802
  27         0.9582              217.52             0.7208         18.4197              9.5312              17.3162
  28         0.9549              216.77             0.7208         18.2640              9.4349              17.2515
  29         0.9516              216.01             0.7208         18.1079              9.3373              17.1863
  30         0.9482              215.24             0.7208         17.9517              9.2385              17.1206
  31         0.9448              214.48             0.7208         17.7958              9.1387              17.0548
  32         0.9415              213.71             0.7208         17.6404              9.0381              16.9888
  33         0.9381              212.94             0.7208         17.4858              8.9369              16.9228
  34         0.9347              212.18             0.7208         17.3322              8.8351              16.8568


                              *******************************************************************
                              *  ANNUAL HEATING, COOLING AND/OR ELECTRICITY PRODUCTION PROFILE  *
                              *******************************************************************
  YEAR             HEAT                 ELECTRICITY                HEAT              RESERVOIR        PERCENTAGE OF
                  PROVIDED               PROVIDED                EXTRACTED          HEAT CONTENT    TOTAL HEAT MINED
                 (GWh/year)             (GWh/year)               (GWh/year)          (10^15 J)           (%)
   1                84.3                  161.1                    982.61               80.41                 4.21
   2                84.3                  161.1                    982.61               76.88                 8.43
   3                84.3                  161.1                    982.61               73.34                12.64
   4                84.3                  161.1                    982.61               69.80                16.85
   5                84.3                  161.1                    982.60               66.27                21.07
   6                84.2                  161.1                    982.58               62.73                25.28
   7                84.2                  161.1                    982.48               59.19                29.49
   8                84.2                  161.0                    982.24               55.65                33.71
   9                84.1                  160.9                    981.80               52.12                37.92
  10                84.0                  160.7                    981.08               48.59                42.12
  11                83.9                  160.5                    980.03               45.06                46.33
  12                83.7                  160.1                    978.64               41.54                50.52
  13                83.4                  159.6                    976.88               38.02                54.71
  14                83.1                  159.0                    974.76               34.51                58.89
  15                82.8                  158.4                    972.29               31.01                63.06
  16                82.3                  157.6                    969.49               27.52                67.22
  17                81.9                  156.8                    966.40               24.04                71.36
  18                81.4                  155.9                    963.02               20.57                75.49
  19                80.9                  154.9                    959.40               17.12                79.61
  20                80.3                  153.9                    955.56               13.68                83.70
  21                79.7                  152.8                    951.52               10.26                87.78
  22                79.0                  151.7                    947.32                6.85                91.85
  23                78.4                  150.6                    942.97                3.45                95.89
  24                77.7                  149.4                    938.50                0.07                99.91
  25                77.0                  148.3                    933.92               -3.29               103.92
  26                76.3                  147.0                    929.25               -6.64               107.90
  27                75.5                  145.8                    924.52               -9.96               111.87
  28                74.8                  144.6                    919.73              -13.27               115.81
  29                74.0                  143.4                    914.90              -16.57               119.74
  30                73.2                  142.1                    910.04              -19.84               123.64
  31                72.4                  140.9                    905.16              -23.10               127.52
  32                71.7                  139.7                    900.26              -26.34               131.38
  33                70.9                  138.5                    895.36              -29.57               135.22
  34                70.1                  137.3                    890.47              -32.77               139.04
  35                62.4                  122.5                    797.25              -35.64               142.46


                             ********************************
                             *  REVENUE & CASHFLOW PROFILE  *
                             ********************************
Year            Electricity             |            Heat                  |           Cooling                 |         Carbon                    |          Project
Since     Price   Ann. Rev.  Cumm. Rev. |   Price   Ann. Rev.   Cumm. Rev. |  Price   Ann. Rev.   Cumm. Rev.   |   Price   Ann. Rev.   Cumm. Rev.  | OPEX    Net Rev.      Net Cashflow
Start    (cents/kWh)(MUSD/yr) (MUSD)    |(cents/kWh) (MUSD/yr)    (MUSD)   |(cents/kWh) (MUSD/yr)    (MUSD)    |(USD/tonne) (MUSD/yr)    (MUSD)    |(MUSD/yr) (MUSD/yr)    (MUSD)
________________________________________________________________________________________________________________________________________________________________________________________
  1      0.00           0.00   0.00     |    0.00     0.00         0.00    |    0.00     0.00         0.00     |    0.00     0.00         0.00     |  0.00     -111.88     -111.88
  2      5.50           8.86   8.86     |    2.50     2.11         2.11    |    2.50     0.00         0.00     |    0.00     0.00         0.00     |  3.19      7.78     -104.10
  3      5.50           8.86  17.73     |    2.50     2.11         4.21    |    2.50     0.00         0.00     |    0.00     0.00         0.00     |  3.19      7.78     -96.33
  4      5.50           8.86  26.59     |    2.50     2.11         6.32    |    2.50     0.00         0.00     |    0.00     0.00         0.00     |  3.19      7.78     -88.55
  5      5.50           8.86  35.45     |    2.50     2.11         8.43    |    2.50     0.00         0.00     |    0.00     0.00         0.00     |  3.19      7.78     -80.78
  6      5.50           8.86  44.32     |    2.50     2.11        10.53    |    2.50     0.00         0.00     |    0.00     0.00         0.00     |  3.19      7.78     -73.00
  7      5.50           8.86  53.18     |    2.50     2.11        12.64    |    2.50     0.00         0.00     |    0.00     0.00         0.00     |  3.19      7.77     -65.23
  8      5.50           8.86  62.04     |    2.50     2.11        14.74    |    2.50     0.00         0.00     |    0.00     0.00         0.00     |  3.19      7.77     -57.46
  9      5.50           8.86  70.90     |    2.50     2.11        16.85    |    2.50     0.00         0.00     |    0.00     0.00         0.00     |  3.19      7.77     -49.69
 10      5.50           8.85  79.75     |    2.50     2.10        18.95    |    2.50     0.00         0.00     |    0.00     0.00         0.00     |  3.19      7.76     -41.93
 11      5.50           8.84  88.59     |    2.50     2.10        21.05    |    2.50     0.00         0.00     |    0.00     0.00         0.00     |  3.19      7.75     -34.18
 12      5.50           8.82  97.41     |    2.50     2.10        23.15    |    2.50     0.00         0.00     |    0.00     0.00         0.00     |  3.19      7.73     -26.45
 13      5.50           8.80  106.22     |    2.50     2.09        25.24    |    2.50     0.00         0.00     |    0.00     0.00         0.00     |  3.19      7.70     -18.75
 14      5.50           8.78  115.00     |    2.50     2.09        27.33    |    2.50     0.00         0.00     |    0.00     0.00         0.00     |  3.19      7.67     -11.08
 15      5.50           8.75  123.74     |    2.50     2.08        29.41    |    2.50     0.00         0.00     |    0.00     0.00         0.00     |  3.19      7.63     -3.45
 16      5.50           8.71  132.45     |    2.50     2.07        31.47    |    2.50     0.00         0.00     |    0.00     0.00         0.00     |  3.19      7.58      4.13
 17      5.50           8.67  141.12     |    2.50     2.06        33.53    |    2.50     0.00         0.00     |    0.00     0.00         0.00     |  3.19      7.53     11.67
 18      5.50           8.62  149.74     |    2.50     2.05        35.58    |    2.50     0.00         0.00     |    0.00     0.00         0.00     |  3.19      7.48     19.14
 19      5.50           8.57  158.32     |    2.50     2.03        37.61    |    2.50     0.00         0.00     |    0.00     0.00         0.00     |  3.19      7.41     26.56
 20      5.50           8.52  166.84     |    2.50     2.02        39.64    |    2.50     0.00         0.00     |    0.00     0.00         0.00     |  3.19      7.35     33.91
 21      5.50           8.46  175.30     |    2.50     2.01        41.64    |    2.50     0.00         0.00     |    0.00     0.00         0.00     |  3.19      7.28     41.18
 22      5.50           8.41  183.71     |    2.50     1.99        43.63    |    2.50     0.00         0.00     |    0.00     0.00         0.00     |  3.19      7.20     48.39
 23      5.50           8.35  192.06     |    2.50     1.98        45.61    |    2.50     0.00         0.00     |    0.00     0.00         0.00     |  3.19      7.13     55.51
 24      5.50           8.28  200.34     |    2.50     1.96        47.57    |    2.50     0.00         0.00     |    0.00     0.00         0.00     |  3.19      7.05     62.56
 25      5.50           8.22  208.56     |    2.50     1.94        49.51    |    2.50     0.00         0.00     |    0.00     0.00         0.00     |  3.19      6.97     69.53
 26      5.50           8.15  216.71     |    2.50     1.92        51.44    |    2.50     0.00         0.00     |    0.00     0.00         0.00     |  3.19      6.88     76.41
 27      5.50           8.09  224.80     |    2.50     1.91        53.34    |    2.50     0.00         0.00     |    0.00     0.00         0.00     |  3.19      6.80     83.21
 28      5.50           8.02  232.82     |    2.50     1.89        55.23    |    2.50     0.00         0.00     |    0.00     0.00         0.00     |  3.19      6.71     89.93
 29      5.50           7.95  240.77     |    2.50     1.87        57.10    |    2.50     0.00         0.00     |    0.00     0.00         0.00     |  3.19      6.63     96.56
 30      5.50           7.89  248.66     |    2.50     1.85        58.95    |    2.50     0.00         0.00     |    0.00     0.00         0.00     |  3.19      6.54     103.10
 31      5.50           7.82  256.48     |    2.50     1.83        60.78    |    2.50     0.00         0.00     |    0.00     0.00         0.00     |  3.19      6.45     109.55
 32      5.50           7.75  264.23     |    2.50     1.81        62.59    |    2.50     0.00         0.00     |    0.00     0.00         0.00     |  3.19      6.37     115.92
 33      5.50           7.68  271.91     |    2.50     1.79        64.38    |    2.50     0.00         0.00     |    0.00     0.00         0.00     |  3.19      6.28     122.20
 34      5.50           7.62  279.53     |    2.50     1.77        66.15    |    2.50     0.00         0.00     |    0.00     0.00         0.00     |  3.19      6.19     128.39
 35      5.50           7.55  287.08     |    2.50     1.75        67.91    |    2.50     0.00         0.00     |    0.00     0.00         0.00     |  3.19      6.11     134.50
