                               *****************
                               ***CASE REPORT***
                               *****************

Simulation Metadata
----------------------
 GEOPHIRES Version: 3.4.29
 Simulation Date: 2024-08-13
 Simulation Time:  11:46
 Calculation Time:      0.975 sec

                           ***SUMMARY OF RESULTS***

      End-Use Option: Electricity
      Average Net Electricity Production:                     2.60 MW
      Electricity breakeven price:                           24.68 cents/kWh
      Number of production wells:                             1
      Number of injection wells:                              1
      Flowrate per production well:                          41.0 kg/sec
      Well depth:                                             2.3 kilometer
      Geothermal gradient:                                    0.0767 degC/m


                           ***ECONOMIC PARAMETERS***

      Economic Model  = BICYCLE
      Accrued financing during construction:                  5.00
      Project lifetime:                                      10 yr
      Capacity factor:                                       90.0 %
      Project NPV:                                         -11.20 MUSD
      Project IRR:                                          -2.52 %
      Project VIR=PI=PIR:                                    0.62
      Project MOIC:                                         -0.11
      Project Payback Period:                          N/A

                          ***ENGINEERING PARAMETERS***

      Number of Production Wells:                             1
      Number of Injection Wells:                              1
      Well depth:                                             2.3 kilometer
      Water loss rate:                                        2.0
      Pump efficiency:                                       80.0
      Injection temperature:                                 48.0 degC
      Production Wellbore heat transmission calculated with Ramey's model
      Average production well temperature drop:               4.4 degC
      Flowrate per production well:                          41.0 kg/sec
      Injection well casing ID:                               7.000 in
      Production well casing ID:                              7.000 in
      Number of times redrilling:                             0
      Power plant type:                                       Supercritical ORC


                         ***RESOURCE CHARACTERISTICS***

      Maximum reservoir temperature:                        300.0 degC
      Number of segments:                                     1
      Geothermal gradient:                                    0.0767 degC/m


                           ***RESERVOIR PARAMETERS***

      Reservoir Model = Multiple Parallel Fractures Model
      Bottom-hole temperature:                              188.11 degC
      Fracture model = Rectangular
      Well separation: fracture height:                     160.00 meter
      Fracture width:                                                 160.00 meter
      Fracture area:                                      25600.00 m**2
      Reservoir volume calculated with fracture separation and number of fractures as input
      Number of fractures:                                  100.00
      Fracture separation:                                   10.00 meter
      Reservoir volume:                                25344000 m**3
      Reservoir impedance:                                    0.33 GPa.s/m**3
      Reservoir density:                                   2800.00 kg/m**3
      Reservoir thermal conductivity:                         2.70 W/m/K
      Reservoir heat capacity:                             1000.00 J/kg/K


                           ***RESERVOIR SIMULATION RESULTS***

      Maximum Production Temperature:                       183.9 degC
      Average Production Temperature:                       183.0 degC
      Minimum Production Temperature:                       176.8 degC
      Initial Production Temperature:                       181.4 degC
      Average Reservoir Heat Extraction:                     21.62 MW
      Production Wellbore Heat Transmission Model = Ramey Model
      Average Production Well Temperature Drop:               4.4 degC
      Total Average Pressure Drop:                        13724.5 kPa
      Average Injection Well Pressure Drop:                 332.5 kPa
      Average Reservoir Pressure Drop:                    13051.3 kPa
      Average Production Well Pressure Drop:                341.6 kPa
      Average Buoyancy Pressure Drop:                        -1.0 kPa


                          ***CAPITAL COSTS (M$)***

         Drilling and completion costs:                      10.21 MUSD
             Drilling and completion costs per vertical production well ( 2347 meter):         3.21 MUSD
             Drilling and completion costs per vertical injection well ( 2347 meter):          3.21 MUSD
             Drilling and completion costs for lateral sections ( 1981 meter):                 3.79 MUSD
         Stimulation costs:                                   1.51 MUSD
         Surface power plant costs:                          12.60 MUSD
         Field gathering system costs:                        1.54 MUSD
         Total surface equipment costs:                      14.15 MUSD
         Exploration costs:                                   3.77 MUSD
      Total capital costs:                                   29.63 MUSD


                ***OPERATING AND MAINTENANCE COSTS (M$/yr)***

         Wellfield maintenance costs:                         0.23 MUSD/yr
         Power plant maintenance costs:                       0.53 MUSD/yr
         Water costs:                                         0.02 MUSD/yr
      Total operating and maintenance costs:                  0.78 MUSD/yr


                           ***SURFACE EQUIPMENT SIMULATION RESULTS***

      Initial geofluid availability:                          0.16 MW/(kg/s)
      Maximum Total Electricity Generation:                   3.35 MW
      Average Total Electricity Generation:                   3.31 MW
      Minimum Total Electricity Generation:                   3.02 MW
      Initial Total Electricity Generation:                   3.23 MW
      Maximum Net Electricity Generation:                     2.64 MW
      Average Net Electricity Generation:                     2.60 MW
      Minimum Net Electricity Generation:                     2.31 MW
      Initial Net Electricity Generation:                     2.52 MW
      Average Annual Total Electricity Generation:           25.82 GWh
      Average Annual Net Electricity Generation:             20.30 GWh
      Initial pumping power/net installed power:             28.03 %
      Average Pumping Power:                                  0.71 MW

                            ************************************************************
                            *  HEATING, COOLING AND/OR ELECTRICITY PRODUCTION PROFILE  *
                            ************************************************************
  YEAR       THERMAL               GEOFLUID               PUMP               NET               FIRST LAW
             DRAWDOWN             TEMPERATURE             POWER             POWER              EFFICIENCY
                                     (degC)               (MW)              (MW)                  (%)
   1           1.0000                181.36               0.7071            2.5229               11.8124
   2           1.0096                183.10               0.7071            2.6041               12.0356
   3           1.0116                183.46               0.7071            2.6210               12.0816
   4           1.0126                183.65               0.7071            2.6298               12.1055
   5           1.0133                183.77               0.7071            2.6357               12.1213
   6           1.0138                183.86               0.7071            2.6399               12.1329
   7           1.0141                183.92               0.7071            2.6425               12.1400
   8           1.0137                183.84               0.7071            2.6390               12.1305
   9           1.0104                183.24               0.7071            2.6109               12.0542
  10           0.9989                181.16               0.7070            2.5137               11.7869


                              *******************************************************************
                              *  ANNUAL HEATING, COOLING AND/OR ELECTRICITY PRODUCTION PROFILE  *
                              *******************************************************************
  YEAR             ELECTRICITY                   HEAT                RESERVOIR            PERCENTAGE OF
                    PROVIDED                   EXTRACTED            HEAT CONTENT        TOTAL HEAT MINED
                   (GWh/year)                  (GWh/year)            (10^15 J)                 (%)
   1                  20.3                       169.8                  9.33                   6.15
   2                  20.6                       170.8                  8.72                  12.33
   3                  20.7                       171.2                  8.10                  18.53
   4                  20.8                       171.4                  7.48                  24.74
   5                  20.8                       171.5                  6.87                  30.95
   6                  20.8                       171.6                  6.25                  37.16
   7                  20.8                       171.6                  5.63                  43.37
   8                  20.7                       171.2                  5.01                  49.57
   9                  20.3                       169.7                  4.40                  55.72
  10                  17.2                       149.1                  3.87                  61.12


                             ********************************
                             *  REVENUE & CASHFLOW PROFILE  *
                             ********************************
Year            Electricity             |            Heat                  |           Cooling                 |         Carbon                    |          Project
Since     Price   Ann. Rev.  Cumm. Rev. |   Price   Ann. Rev.   Cumm. Rev. |  Price   Ann. Rev.   Cumm. Rev.   |   Price   Ann. Rev.   Cumm. Rev.  | OPEX    Net Rev.      Net Cashflow
Start    (cents/kWh)(MUSD/yr) (MUSD)    |(cents/kWh) (MUSD/yr)    (MUSD)   |(cents/kWh) (MUSD/yr)    (MUSD)    |(USD/tonne) (MUSD/yr)    (MUSD)    |(MUSD/yr) (MUSD/yr)    (MUSD)
________________________________________________________________________________________________________________________________________________________________________________________
  1      0.00          -29.63   0.00     |    0.00     0.00         0.00    |    0.00     0.00         0.00     |    0.00     0.00         0.00     |  0.00     -29.63     -29.63
  2     15.00           2.27   3.05     |    2.50     0.00         0.00    |    2.50     0.00         0.00     |    0.00     0.00         0.00     |  0.78      2.27     -27.37
  3     15.00           2.31   6.14     |    2.50     0.00         0.00    |    2.50     0.00         0.00     |    0.00     0.00         0.00     |  0.78      2.31     -25.05
  4     15.41           2.41   9.33     |    2.50     0.00         0.00    |    2.50     0.00         0.00     |    0.00     0.00         0.00     |  0.78      2.41     -22.64
  5     15.81           2.51  12.61     |    2.50     0.00         0.00    |    2.50     0.00         0.00     |    0.00     0.00         0.00     |  0.78      2.51     -20.13
  6     16.22           2.60  15.98     |    2.50     0.00         0.00    |    2.50     0.00         0.00     |    0.00     0.00         0.00     |  0.78      2.60     -17.54
  7     16.62           2.68  19.44     |    2.50     0.00         0.00    |    2.50     0.00         0.00     |    0.00     0.00         0.00     |  0.78      2.68     -14.85
  8     17.03           2.77  22.99     |    2.50     0.00         0.00    |    2.50     0.00         0.00     |    0.00     0.00         0.00     |  0.78      2.77     -12.08
  9     17.43           2.84  26.60     |    2.50     0.00         0.00    |    2.50     0.00         0.00     |    0.00     0.00         0.00     |  0.78      2.84     -9.25
 10     17.84           2.84  30.21     |    2.50     0.00         0.00    |    2.50     0.00         0.00     |    0.00     0.00         0.00     |  0.78      2.84     -6.41
