                               *****************
                               ***CASE REPORT***
                               *****************

Simulation Metadata
----------------------
 GEOPHIRES Version: 3.4.29
 Simulation Date: 2024-08-13
 Simulation Time:  11:47
 Calculation Time:      3.873 sec

                           ***SUMMARY OF RESULTS***

      End-Use Option: Electricity
      Average Net Electricity Production:                     1.10 MW
      Electricity breakeven price:                           82.45 cents/kWh
      Number of production wells:                             1
      Number of injection wells:                              1
      Flowrate per production well:                         110.0 kg/sec
      Well depth:                                             4.0 kilometer
      Geothermal gradient:                                    0.0262 degC/m


                           ***ECONOMIC PARAMETERS***

      Economic Model  = BICYCLE
      Accrued financing during construction:                  0.00
      Project lifetime:                                      40 yr
      Capacity factor:                                       90.0 %
      Project NPV:                                         -90.86 MUSD
      Project IRR:                                           0.00 %
      Project VIR=PI=PIR:                                   -0.09
      Project MOIC:                                         -0.85
      Project Payback Period:                          N/A

                          ***ENGINEERING PARAMETERS***

      Number of Production Wells:                             1
      Number of Injection Wells:                              1
      Well depth:                                             4.0 kilometer
      Water loss rate:                                        0.0
      Pump efficiency:                                       80.0
      Injection temperature:                                 60.0 degC
      User-provided production well temperature drop
      Constant production well temperature drop:              0.0 degC
      Flowrate per production well:                         110.0 kg/sec
      Injection well casing ID:                               8.000 in
      Production well casing ID:                              8.000 in
      Number of times redrilling:                             0
      Power plant type:                                       Subcritical ORC


                         ***RESOURCE CHARACTERISTICS***

      Maximum reservoir temperature:                        375.0 degC
      Number of segments:                                     1
      Geothermal gradient:                                    0.0262 degC/m


                           ***RESERVOIR PARAMETERS***

The AGS models contain an intrinsic reservoir model that doesn't expose values that can be used in extensive reporting.


                           ***RESERVOIR SIMULATION RESULTS***

      Maximum Production Temperature:                       120.1 degC
      Average Production Temperature:                       106.7 degC
      Minimum Production Temperature:                       102.1 degC
      Initial Production Temperature:                       120.0 degC
The AGS models contain an intrinsic reservoir model that doesn't expose values that can be used in extensive reporting.


                          ***CAPITAL COSTS (M$)***

         Drilling and completion costs:                      65.80 MUSD
             Drilling and completion costs per vertical production well ( 4000 meter):        10.76 MUSD
             Drilling and completion costs per vertical injection well ( 4000 meter):         10.76 MUSD
             Drilling and completion costs for lateral sections (15003 meter):                44.29 MUSD
         Stimulation costs:                                   0.00 MUSD
         Surface power plant costs:                           6.74 MUSD
         Field gathering system costs:                        0.98 MUSD
         Total surface equipment costs:                       7.72 MUSD
         Exploration costs:                                   9.60 MUSD
      Total capital costs:                                   83.11 MUSD


                ***OPERATING AND MAINTENANCE COSTS (M$/yr)***

         Wellfield maintenance costs:                         0.73 MUSD/yr
         Power plant maintenance costs:                       0.30 MUSD/yr
         Water costs:                                         0.00 MUSD/yr
      Total operating and maintenance costs:                  1.03 MUSD/yr


                           ***SURFACE EQUIPMENT SIMULATION RESULTS***

      Initial geofluid availability:                          0.06 MW/(kg/s)
      Maximum Total Electricity Generation:                   1.67 MW
      Average Total Electricity Generation:                   1.11 MW
      Minimum Total Electricity Generation:                   0.94 MW
      Initial Total Electricity Generation:                   1.66 MW
      Maximum Net Electricity Generation:                     1.67 MW
      Average Net Electricity Generation:                     1.10 MW
      Minimum Net Electricity Generation:                     0.94 MW
      Initial Net Electricity Generation:                     1.66 MW
      Average Annual Total Electricity Generation:            8.64 GWh
      Average Annual Net Electricity Generation:              8.63 GWh
      Initial pumping power/net installed power:              0.10 %
      Average Pumping Power:                                  0.00 MW

                            ************************************************************
                            *  HEATING, COOLING AND/OR ELECTRICITY PRODUCTION PROFILE  *
                            ************************************************************
  YEAR       THERMAL               GEOFLUID               PUMP               NET               FIRST LAW
             DRAWDOWN             TEMPERATURE             POWER             POWER              EFFICIENCY
                                     (degC)               (MW)              (MW)                  (%)
   1           1.0000                120.00               0.0017            1.6629                6.2315
   2           0.9302                111.62               0.0017            1.2915                5.6254
   3           0.9187                110.24               0.0017            1.2359                5.5313
   4           0.9121                109.45               0.0017            1.2047                5.4779
   5           0.9074                108.89               0.0017            1.1830                5.4408
   6           0.9039                108.46               0.0017            1.1666                5.4125
   7           0.9010                108.12               0.0017            1.1534                5.3897
   8           0.8985                107.83               0.0017            1.1424                5.3707
   9           0.8965                107.58               0.0017            1.1329                5.3543
  10           0.8946                107.36               0.0017            1.1247                5.3401
  11           0.8930                107.16               0.0017            1.1174                5.3274
  12           0.8915                106.98               0.0017            1.1109                5.3161
  13           0.8902                106.82               0.0017            1.1049                5.3058
  14           0.8890                106.68               0.0017            1.0995                5.2963
  15           0.8879                106.54               0.0017            1.0946                5.2877
  16           0.8868                106.42               0.0017            1.0900                5.2796
  17           0.8858                106.30               0.0017            1.0857                5.2722
  18           0.8849                106.19               0.0017            1.0817                5.2652
  19           0.8841                106.09               0.0017            1.0779                5.2587
  20           0.8833                105.99               0.0017            1.0744                5.2525
  21           0.8825                105.90               0.0017            1.0711                5.2467
  22           0.8818                105.81               0.0017            1.0679                5.2411
  23           0.8811                105.73               0.0017            1.0649                5.2359
  24           0.8804                105.65               0.0017            1.0621                5.2309
  25           0.8798                105.58               0.0017            1.0593                5.2262
  26           0.8792                105.50               0.0017            1.0567                5.2216
  27           0.8786                105.43               0.0017            1.0543                5.2172
  28           0.8781                105.37               0.0017            1.0519                5.2131
  29           0.8775                105.30               0.0017            1.0496                5.2090
  30           0.8770                105.24               0.0017            1.0474                5.2052
  31           0.8765                105.18               0.0017            1.0453                5.2015
  32           0.8761                105.13               0.0017            1.0432                5.1979
  33           0.8756                105.07               0.0017            1.0412                5.1944
  34           0.8751                105.02               0.0017            1.0393                5.1911
  35           0.8747                104.97               0.0017            1.0375                5.1878
  36           0.8743                104.91               0.0017            1.0357                5.1847
  37           0.8739                104.87               0.0017            1.0340                5.1816
  38           0.8735                104.82               0.0017            1.0323                5.1787
  39           0.8731                104.77               0.0017            1.0306                5.1758
  40           0.8727                104.73               0.0017            1.0291                5.1730


                              *******************************************************************
                              *  ANNUAL HEATING, COOLING AND/OR ELECTRICITY PRODUCTION PROFILE  *
                              *******************************************************************
  YEAR             ELECTRICITY                   HEAT                RESERVOIR            PERCENTAGE OF
                    PROVIDED                   EXTRACTED            HEAT CONTENT        TOTAL HEAT MINED
                   (GWh/year)                  (GWh/year)            (10^15 J)                 (%)
   1                  12.1                       200.5                 32.78                   2.15
   2                   9.5                       173.8                 32.16                   4.02
   3                   9.9                       177.5                 31.52                   5.93
   4                   9.2                       170.3                 30.91                   7.76
   5                   9.4                       172.2                 30.29                   9.61
   6                   9.0                       168.1                 29.68                  11.42
   7                   9.1                       169.2                 29.07                  13.23
   8                   8.9                       166.4                 28.47                  15.02
   9                   9.0                       167.2                 27.87                  16.82
  10                   8.8                       165.1                 27.28                  18.59
  11                   8.8                       165.6                 26.68                  20.37
  12                   8.7                       164.0                 26.09                  22.13
  13                   8.7                       164.3                 25.50                  23.90
  14                   8.6                       163.1                 24.91                  25.65
  15                   8.6                       163.2                 24.32                  27.40
  16                   8.6                       162.3                 23.74                  29.15
  17                   8.6                       162.3                 23.16                  30.89
  18                   8.5                       161.7                 22.57                  32.63
  19                   8.5                       161.5                 21.99                  34.36
  20                   8.5                       161.1                 21.41                  36.10
  21                   8.4                       160.8                 20.83                  37.82
  22                   8.4                       160.6                 20.26                  39.55
  23                   8.4                       160.1                 19.68                  41.27
  24                   8.4                       160.1                 19.10                  42.99
  25                   8.3                       159.4                 18.53                  44.70
  26                   8.3                       159.7                 17.95                  46.42
  27                   8.3                       158.8                 17.38                  48.12
  28                   8.3                       159.4                 16.81                  49.84
  29                   8.2                       158.3                 16.24                  51.54
  30                   8.3                       159.1                 15.67                  53.25
  31                   8.2                       157.7                 15.10                  54.94
  32                   8.3                       158.9                 14.53                  56.65
  33                   8.1                       157.0                 13.96                  58.33
  34                   8.3                       158.9                 13.39                  60.04
  35                   8.1                       156.2                 12.83                  61.72
  36                   8.3                       159.1                 12.25                  63.43
  37                   8.0                       155.0                 11.70                  65.10
  38                   8.4                       160.3                 11.12                  66.82
  39                   7.7                       151.2                 10.57                  68.44
  40                   7.6                       134.4                 10.09                  69.89


                             ********************************
                             *  REVENUE & CASHFLOW PROFILE  *
                             ********************************
Year            Electricity             |            Heat                  |           Cooling                 |         Carbon                    |          Project
Since     Price   Ann. Rev.  Cumm. Rev. |   Price   Ann. Rev.   Cumm. Rev. |  Price   Ann. Rev.   Cumm. Rev.   |   Price   Ann. Rev.   Cumm. Rev.  | OPEX    Net Rev.      Net Cashflow
Start    (cents/kWh)(MUSD/yr) (MUSD)    |(cents/kWh) (MUSD/yr)    (MUSD)   |(cents/kWh) (MUSD/yr)    (MUSD)    |(USD/tonne) (MUSD/yr)    (MUSD)    |(MUSD/yr) (MUSD/yr)    (MUSD)
________________________________________________________________________________________________________________________________________________________________________________________
  1      0.00          -83.11   0.00     |    0.00     0.00         0.00    |    0.00     0.00         0.00     |    0.00     0.00         0.00     |  0.00     -83.11     -83.11
  2      5.50          -0.36   0.67     |    2.50     0.00         0.00    |    2.50     0.00         0.00     |    0.00     0.00         0.00     |  1.03     -0.36     -83.48
  3      5.50          -0.50   1.19     |    2.50     0.00         0.00    |    2.50     0.00         0.00     |    0.00     0.00         0.00     |  1.03     -0.50     -83.98
  4      5.50          -0.49   1.73     |    2.50     0.00         0.00    |    2.50     0.00         0.00     |    0.00     0.00         0.00     |  1.03     -0.49     -84.47
  5      5.50          -0.52   2.24     |    2.50     0.00         0.00    |    2.50     0.00         0.00     |    0.00     0.00         0.00     |  1.03     -0.52     -84.99
  6      5.50          -0.51   2.76     |    2.50     0.00         0.00    |    2.50     0.00         0.00     |    0.00     0.00         0.00     |  1.03     -0.51     -85.50
  7      5.50          -0.53   3.25     |    2.50     0.00         0.00    |    2.50     0.00         0.00     |    0.00     0.00         0.00     |  1.03     -0.53     -86.03
  8      5.50          -0.53   3.76     |    2.50     0.00         0.00    |    2.50     0.00         0.00     |    0.00     0.00         0.00     |  1.03     -0.53     -86.56
  9      5.50          -0.54   4.25     |    2.50     0.00         0.00    |    2.50     0.00         0.00     |    0.00     0.00         0.00     |  1.03     -0.54     -87.10
 10      5.50          -0.54   4.74     |    2.50     0.00         0.00    |    2.50     0.00         0.00     |    0.00     0.00         0.00     |  1.03     -0.54     -87.63
 11      5.50          -0.55   5.22     |    2.50     0.00         0.00    |    2.50     0.00         0.00     |    0.00     0.00         0.00     |  1.03     -0.55     -88.18
 12      5.50          -0.54   5.71     |    2.50     0.00         0.00    |    2.50     0.00         0.00     |    0.00     0.00         0.00     |  1.03     -0.54     -88.72
 13      5.50          -0.55   6.19     |    2.50     0.00         0.00    |    2.50     0.00         0.00     |    0.00     0.00         0.00     |  1.03     -0.55     -89.27
 14      5.50          -0.55   6.67     |    2.50     0.00         0.00    |    2.50     0.00         0.00     |    0.00     0.00         0.00     |  1.03     -0.55     -89.82
 15      5.50          -0.55   7.14     |    2.50     0.00         0.00    |    2.50     0.00         0.00     |    0.00     0.00         0.00     |  1.03     -0.55     -90.37
 16      5.50          -0.55   7.61     |    2.50     0.00         0.00    |    2.50     0.00         0.00     |    0.00     0.00         0.00     |  1.03     -0.55     -90.93
 17      5.50          -0.56   8.09     |    2.50     0.00         0.00    |    2.50     0.00         0.00     |    0.00     0.00         0.00     |  1.03     -0.56     -91.48
 18      5.50          -0.56   8.56     |    2.50     0.00         0.00    |    2.50     0.00         0.00     |    0.00     0.00         0.00     |  1.03     -0.56     -92.04
 19      5.50          -0.56   9.02     |    2.50     0.00         0.00    |    2.50     0.00         0.00     |    0.00     0.00         0.00     |  1.03     -0.56     -92.60
 20      5.50          -0.56   9.49     |    2.50     0.00         0.00    |    2.50     0.00         0.00     |    0.00     0.00         0.00     |  1.03     -0.56     -93.16
 21      5.50          -0.56   9.96     |    2.50     0.00         0.00    |    2.50     0.00         0.00     |    0.00     0.00         0.00     |  1.03     -0.56     -93.73
 22      5.50          -0.56  10.42     |    2.50     0.00         0.00    |    2.50     0.00         0.00     |    0.00     0.00         0.00     |  1.03     -0.56     -94.29
 23      5.50          -0.57  10.88     |    2.50     0.00         0.00    |    2.50     0.00         0.00     |    0.00     0.00         0.00     |  1.03     -0.57     -94.86
 24      5.50          -0.57  11.34     |    2.50     0.00         0.00    |    2.50     0.00         0.00     |    0.00     0.00         0.00     |  1.03     -0.57     -95.43
 25      5.50          -0.57  11.80     |    2.50     0.00         0.00    |    2.50     0.00         0.00     |    0.00     0.00         0.00     |  1.03     -0.57     -95.99
 26      5.50          -0.57  12.26     |    2.50     0.00         0.00    |    2.50     0.00         0.00     |    0.00     0.00         0.00     |  1.03     -0.57     -96.56
 27      5.50          -0.57  12.72     |    2.50     0.00         0.00    |    2.50     0.00         0.00     |    0.00     0.00         0.00     |  1.03     -0.57     -97.13
 28      5.50          -0.57  13.18     |    2.50     0.00         0.00    |    2.50     0.00         0.00     |    0.00     0.00         0.00     |  1.03     -0.57     -97.71
 29      5.50          -0.57  13.63     |    2.50     0.00         0.00    |    2.50     0.00         0.00     |    0.00     0.00         0.00     |  1.03     -0.57     -98.28
 30      5.50          -0.58  14.09     |    2.50     0.00         0.00    |    2.50     0.00         0.00     |    0.00     0.00         0.00     |  1.03     -0.58     -98.85
 31      5.50          -0.57  14.54     |    2.50     0.00         0.00    |    2.50     0.00         0.00     |    0.00     0.00         0.00     |  1.03     -0.57     -99.43
 32      5.50          -0.58  14.99     |    2.50     0.00         0.00    |    2.50     0.00         0.00     |    0.00     0.00         0.00     |  1.03     -0.58     -100.00
 33      5.50          -0.57  15.45     |    2.50     0.00         0.00    |    2.50     0.00         0.00     |    0.00     0.00         0.00     |  1.03     -0.57     -100.58
 34      5.50          -0.58  15.89     |    2.50     0.00         0.00    |    2.50     0.00         0.00     |    0.00     0.00         0.00     |  1.03     -0.58     -101.16
 35      5.50          -0.57  16.35     |    2.50     0.00         0.00    |    2.50     0.00         0.00     |    0.00     0.00         0.00     |  1.03     -0.57     -101.73
 36      5.50          -0.58  16.79     |    2.50     0.00         0.00    |    2.50     0.00         0.00     |    0.00     0.00         0.00     |  1.03     -0.58     -102.32
 37      5.50          -0.57  17.25     |    2.50     0.00         0.00    |    2.50     0.00         0.00     |    0.00     0.00         0.00     |  1.03     -0.57     -102.89
 38      5.50          -0.59  17.69     |    2.50     0.00         0.00    |    2.50     0.00         0.00     |    0.00     0.00         0.00     |  1.03     -0.59     -103.48
 39      5.50          -0.57  18.15     |    2.50     0.00         0.00    |    2.50     0.00         0.00     |    0.00     0.00         0.00     |  1.03     -0.57     -104.05
 40      5.50          -0.61  18.57     |    2.50     0.00         0.00    |    2.50     0.00         0.00     |    0.00     0.00         0.00     |  1.03     -0.61     -104.65
